 Tanques_quick_start_sfun

 Timestamp is 5b75b1a4 (Thu Aug 16 14:17:24 2018)

 Preferred load address is 0000000180000000

 Start         Length     Name                   Class
 0001:00000000 0001baa4H .text                   CODE
 0001:0001bab0 00000092H .text$x                 CODE
 0002:00000000 00000498H .idata$5                DATA
 0002:00000498 00000008H .CRT$XCA                DATA
 0002:000004a0 00000008H .CRT$XCZ                DATA
 0002:000004a8 00000008H .CRT$XIA                DATA
 0002:000004b0 00000008H .CRT$XIAA               DATA
 0002:000004b8 00000008H .CRT$XIZ                DATA
 0002:000004c0 00000794H .rdata                  DATA
 0002:00000c58 00000008H .rtc$IAA                DATA
 0002:00000c60 00000008H .rtc$IZZ                DATA
 0002:00000c68 00000008H .rtc$TAA                DATA
 0002:00000c70 00000008H .rtc$TZZ                DATA
 0002:00000c78 00000960H .xdata                  DATA
 0002:000015d8 0000008cH .idata$2                DATA
 0002:00001664 00000014H .idata$3                DATA
 0002:00001678 00000498H .idata$4                DATA
 0002:00001b10 00000cb8H .idata$6                DATA
 0002:000027d0 0000005eH .edata                  DATA
 0003:00000000 000056f8H .data                   DATA
 0003:00005700 000006c8H .bss                    DATA
 0004:00000000 00000bdcH .pdata                  DATA

  Address         Publics by Value              Rva+Base               Lib:Object

 0000:00000000       ___safe_se_handler_count   0000000000000000     <absolute>
 0000:00000000       ___safe_se_handler_table   0000000000000000     <absolute>
 0000:00000000       __ImageBase                0000000180000000     <linker-defined>
 0001:00000000       Tanques_quick_start_initializer 0000000180001000 f   Tanques_quick_start_sfun.obj
 0001:00000010       Tanques_quick_start_terminator 0000000180001010 f   Tanques_quick_start_sfun.obj
 0001:00000020       sf_Tanques_quick_start_method_dispatcher 0000000180001020 f   Tanques_quick_start_sfun.obj
 0001:000000b0       sf_Tanques_quick_start_process_testpoint_info_call 00000001800010b0 f   Tanques_quick_start_sfun.obj
 0001:00000210       sf_Tanques_quick_start_process_check_sum_call 0000000180001210 f   Tanques_quick_start_sfun.obj
 0001:00000650       sf_Tanques_quick_start_autoinheritance_info 0000000180001650 f   Tanques_quick_start_sfun.obj
 0001:00000860       sf_Tanques_quick_start_get_eml_resolved_functions_info 0000000180001860 f   Tanques_quick_start_sfun.obj
 0001:00000a10       sf_Tanques_quick_start_third_party_uses_info 0000000180001a10 f   Tanques_quick_start_sfun.obj
 0001:00000bc0       sf_Tanques_quick_start_updateBuildInfo_args_info 0000000180001bc0 f   Tanques_quick_start_sfun.obj
 0001:00000d70       Tanques_quick_start_debug_initialize 0000000180001d70 f   Tanques_quick_start_sfun.obj
 0001:00000df0       Tanques_quick_start_register_exported_symbols 0000000180001df0 f   Tanques_quick_start_sfun.obj
 0001:00000e00       load_Tanques_quick_start_optimization_info 0000000180001e00 f   Tanques_quick_start_sfun.obj
 0001:00000e50       unload_Tanques_quick_start_optimization_info 0000000180001e50 f   Tanques_quick_start_sfun.obj
 0001:00000e80       sf_c1_Tanques_quick_start_get_eml_resolved_functions_info 0000000180001e80 f   c1_Tanques_quick_start.obj
 0001:00000f00       sf_c1_Tanques_quick_start_get_check_sum 0000000180001f00 f   c1_Tanques_quick_start.obj
 0001:00000f80       sf_c1_Tanques_quick_start_get_autoinheritance_info 0000000180001f80 f   c1_Tanques_quick_start.obj
 0001:00001630       sf_c1_Tanques_quick_start_third_party_uses_info 0000000180002630 f   c1_Tanques_quick_start.obj
 0001:00001660       sf_c1_Tanques_quick_start_updateBuildInfo_args_info 0000000180002660 f   c1_Tanques_quick_start.obj
 0001:00001690       sf_internal_get_sim_state_c1_Tanques_quick_start 0000000180002690 f   c1_Tanques_quick_start.obj
 0001:00001a00       sf_internal_set_sim_state_c1_Tanques_quick_start 0000000180002a00 f   c1_Tanques_quick_start.obj
 0001:00001df0       c1_Tanques_quick_start_method_dispatcher 0000000180002df0 f   c1_Tanques_quick_start.obj
 0001:00006330       sf_c2_Tanques_quick_start_get_eml_resolved_functions_info 0000000180007330 f   c2_Tanques_quick_start.obj
 0001:0000a3f0       sf_c2_Tanques_quick_start_get_check_sum 000000018000b3f0 f   c2_Tanques_quick_start.obj
 0001:0000a470       sf_c2_Tanques_quick_start_get_autoinheritance_info 000000018000b470 f   c2_Tanques_quick_start.obj
 0001:0000aef0       sf_c2_Tanques_quick_start_third_party_uses_info 000000018000bef0 f   c2_Tanques_quick_start.obj
 0001:0000af20       sf_c2_Tanques_quick_start_updateBuildInfo_args_info 000000018000bf20 f   c2_Tanques_quick_start.obj
 0001:0000af50       sf_internal_get_sim_state_c2_Tanques_quick_start 000000018000bf50 f   c2_Tanques_quick_start.obj
 0001:0000b760       sf_internal_set_sim_state_c2_Tanques_quick_start 000000018000c760 f   c2_Tanques_quick_start.obj
 0001:0000c220       c2_Tanques_quick_start_method_dispatcher 000000018000d220 f   c2_Tanques_quick_start.obj
 0001:00011b00       sf_c3_Tanques_quick_start_get_eml_resolved_functions_info 0000000180012b00 f   c3_Tanques_quick_start.obj
 0001:00011b80       sf_c3_Tanques_quick_start_get_check_sum 0000000180012b80 f   c3_Tanques_quick_start.obj
 0001:00011c00       sf_c3_Tanques_quick_start_get_autoinheritance_info 0000000180012c00 f   c3_Tanques_quick_start.obj
 0001:00012170       sf_c3_Tanques_quick_start_third_party_uses_info 0000000180013170 f   c3_Tanques_quick_start.obj
 0001:000121a0       sf_c3_Tanques_quick_start_updateBuildInfo_args_info 00000001800131a0 f   c3_Tanques_quick_start.obj
 0001:000121d0       sf_internal_get_sim_state_c3_Tanques_quick_start 00000001800131d0 f   c3_Tanques_quick_start.obj
 0001:00012530       sf_internal_set_sim_state_c3_Tanques_quick_start 0000000180013530 f   c3_Tanques_quick_start.obj
 0001:00012920       c3_Tanques_quick_start_method_dispatcher 0000000180013920 f   c3_Tanques_quick_start.obj
 0001:000148d0       sf_process_check_sum_call  00000001800158d0 f   Tanques_quick_start_sfun_registry.obj
 0001:00014920       sf_process_testpoint_info_call 0000000180015920 f   Tanques_quick_start_sfun_registry.obj
 0001:00014970       sf_process_autoinheritance_call 0000000180015970 f   Tanques_quick_start_sfun_registry.obj
 0001:00014b10       sf_process_get_third_party_uses_info_call 0000000180015b10 f   Tanques_quick_start_sfun_registry.obj
 0001:00014cb0       sf_process_get_updateBuildInfo_args_info_call 0000000180015cb0 f   Tanques_quick_start_sfun_registry.obj
 0001:00014e50       sf_process_get_eml_resolved_functions_info_call 0000000180015e50 f   Tanques_quick_start_sfun_registry.obj
 0001:00014fd0       sf_mex_unlock_call         0000000180015fd0 f   Tanques_quick_start_sfun_registry.obj
 0001:00015080       sf_machine_global_initializer_called 0000000180016080 f   Tanques_quick_start_sfun_registry.obj
 0001:000150b0       sf_machine_global_method_dispatcher 00000001800160b0 f   Tanques_quick_start_sfun_registry.obj
 0001:00015110       sf_machine_global_terminator 0000000180016110 f   Tanques_quick_start_sfun_registry.obj
 0001:00015160       sf_register_machine_exported_symbols 0000000180016160 f   Tanques_quick_start_sfun_registry.obj
 0001:00015180       callCustomFcn              0000000180016180 f   Tanques_quick_start_sfun_registry.obj
 0001:00015190       sf_machine_global_initializer 0000000180016190 f   Tanques_quick_start_sfun_registry.obj
 0001:00015210       mdlGetSimState             0000000180016210 f   Tanques_quick_start_sfun_registry.obj
 0001:00015290       mdlSetSimState             0000000180016290 f   Tanques_quick_start_sfun_registry.obj
 0001:000152d0       _ssSetStateAbsTol          00000001800162d0 f   Tanques_quick_start_sfun_registry.obj
 0001:000153b0       _ssGetAbsTol               00000001800163b0 f   Tanques_quick_start_sfun_registry.obj
 0001:00015420       _ssSetInputPortMatrixDimensions 0000000180016420 f   Tanques_quick_start_sfun_registry.obj
 0001:00015530       _ssSetOutputPortMatrixDimensions 0000000180016530 f   Tanques_quick_start_sfun_registry.obj
 0001:00015640       _ssSetInputPortVectorDimension 0000000180016640 f   Tanques_quick_start_sfun_registry.obj
 0001:00015710       _ssSetOutputPortVectorDimension 0000000180016710 f   Tanques_quick_start_sfun_registry.obj
 0001:000157e0       ssIsRunTimeParamTunable    00000001800167e0 f   Tanques_quick_start_sfun_registry.obj
 0001:00015850       ssGetSFuncBlockHandle      0000000180016850 f   Tanques_quick_start_sfun_registry.obj
 0001:000158c0       _ssGetCurrentInputPortWidth 00000001800168c0 f   Tanques_quick_start_sfun_registry.obj
 0001:000159e0       _ssGetCurrentOutputPortWidth 00000001800169e0 f   Tanques_quick_start_sfun_registry.obj
 0001:00015b00       _ssGetCallSystemNumFcnCallDestinations 0000000180016b00 f   Tanques_quick_start_sfun_registry.obj
 0001:00015b70       ssWarning                  0000000180016b70 f   Tanques_quick_start_sfun_registry.obj
 0001:00015c80       ssGetIsZeroCrossControlDisabled 0000000180016c80 f   Tanques_quick_start_sfun_registry.obj
 0001:00015cf0       ssSetIsInputPortUsedForContZcSignal 0000000180016cf0 f   Tanques_quick_start_sfun_registry.obj
 0001:00015d60       ssSetZcSignalIsZcElementDisc 0000000180016d60 f   Tanques_quick_start_sfun_registry.obj
 0001:00015e10       ssSetZcSignalName          0000000180016e10 f   Tanques_quick_start_sfun_registry.obj
 0001:00015e80       ssSetZcSignalWidth         0000000180016e80 f   Tanques_quick_start_sfun_registry.obj
 0001:00015ef0       ssSetZcSignalZcEventType   0000000180016ef0 f   Tanques_quick_start_sfun_registry.obj
 0001:00015f60       ssSetZcSignalType          0000000180016f60 f   Tanques_quick_start_sfun_registry.obj
 0001:00015fd0       ssSetZcSignalZcTol         0000000180016fd0 f   Tanques_quick_start_sfun_registry.obj
 0001:00016040       ssSetZcSignalNeedsEventNotification 0000000180017040 f   Tanques_quick_start_sfun_registry.obj
 0001:000160b0       ssCreateAndAddZcSignalInfo 00000001800170b0 f   Tanques_quick_start_sfun_registry.obj
 0001:00016120       ssCloneAndAddZcSignalInfo  0000000180017120 f   Tanques_quick_start_sfun_registry.obj
 0001:00016190       ssGetNumZcSignals          0000000180017190 f   Tanques_quick_start_sfun_registry.obj
 0001:00016200       ssGetZcSignalVector        0000000180017200 f   Tanques_quick_start_sfun_registry.obj
 0001:00016270       ssGetZcSignalZcEvents      0000000180017270 f   Tanques_quick_start_sfun_registry.obj
 0001:000162e0       ssGetZcSignalName          00000001800172e0 f   Tanques_quick_start_sfun_registry.obj
 0001:00016350       ssGetZcSignalWidth         0000000180017350 f   Tanques_quick_start_sfun_registry.obj
 0001:000163c0       ssGetZcSignalZcEventType   00000001800173c0 f   Tanques_quick_start_sfun_registry.obj
 0001:00016430       ssGetZcSignalType          0000000180017430 f   Tanques_quick_start_sfun_registry.obj
 0001:000164a0       ssGetZcSignalZcTol         00000001800174a0 f   Tanques_quick_start_sfun_registry.obj
 0001:00016520       ssGetZcSignalNeedsEventNotification 0000000180017520 f   Tanques_quick_start_sfun_registry.obj
 0001:00016590       ssGetZcSignalIsZcElementDisc 0000000180017590 f   Tanques_quick_start_sfun_registry.obj
 0001:00016630       ssGetIsInputPortElementContinuous 0000000180017630 f   Tanques_quick_start_sfun_registry.obj
 0001:000166d0       _ssGetInputPortSignalPtrsFcn 00000001800176d0 f   Tanques_quick_start_sfun_registry.obj
 0001:00016990       _ssGetInputPortSignalFcn   0000000180017990 f   Tanques_quick_start_sfun_registry.obj
 0001:00016bb0       _ssSetInputPortDirectFeedThroughFcn 0000000180017bb0 f   Tanques_quick_start_sfun_registry.obj
 0001:00016d10       _ssSetInputPortReusableFcn 0000000180017d10 f   Tanques_quick_start_sfun_registry.obj
 0001:00016e00       _ssSetOutputPortReusableFcn 0000000180017e00 f   Tanques_quick_start_sfun_registry.obj
 0001:00016ee0       ssGetDTypeIdFromMxArray    0000000180017ee0 f   Tanques_quick_start_sfun_registry.obj
 0001:00017000       ssWriteRTWStr              0000000180018000 f   Tanques_quick_start_sfun_registry.obj
 0001:00017060       ssWriteRTWMxVectParam      0000000180018060 f   Tanques_quick_start_sfun_registry.obj
 0001:000170c0       ssWriteRTWMx2dMatParam     00000001800180c0 f   Tanques_quick_start_sfun_registry.obj
 0001:00017140       ssWriteRTWNameValuePair    0000000180018140 f   Tanques_quick_start_sfun_registry.obj
 0001:00017630       ssWriteRTWParameters       0000000180018630 f   Tanques_quick_start_sfun_registry.obj
 0001:00017c30       ssWriteRTWParamSettings    0000000180018c30 f   Tanques_quick_start_sfun_registry.obj
 0001:00018300       ssWriteRTWWorkVect         0000000180019300 f   Tanques_quick_start_sfun_registry.obj
 0001:00018800       mexFunction                0000000180019800 f   Tanques_quick_start_sfun_registry.obj
 0001:0001acb0       ProcessMexSfunctionEveryCall 000000018001bcb0 f   Tanques_quick_start_sfun_registry.obj
 0001:0001ae32       sf_debug_set_machine_data_thresholds 000000018001be32 f   sf_runtime:sf_runtime.dll
 0001:0001ae38       sf_debug_set_machine_event_thresholds 000000018001be38 f   sf_runtime:sf_runtime.dll
 0001:0001ae3e       sf_debug_initialize_machine 000000018001be3e f   sf_runtime:sf_runtime.dll
 0001:0001ae44       sf_load_rtw_optimization_info 000000018001be44 f   sf_runtime:sf_runtime.dll
 0001:0001ae4a       sf_mex_assign              000000018001be4a f   sf_runtime:sf_runtime.dll
 0001:0001ae50       sf_mex_create              000000018001be50 f   sf_runtime:sf_runtime.dll
 0001:0001ae56       sf_mex_error_message       000000018001be56 f   sf_runtime:sf_runtime.dll
 0001:0001ae5c       sf_mex_call_matlab         000000018001be5c f   sf_runtime:sf_runtime.dll
 0001:0001ae62       sf_mex_setcell             000000018001be62 f   sf_runtime:sf_runtime.dll
 0001:0001ae68       sf_mex_createcellmatrix    000000018001be68 f   sf_runtime:sf_runtime.dll
 0001:0001ae6e       sf_mex_decode_encoded_mx_struct_array 000000018001be6e f   sf_runtime:sf_runtime.dll
 0001:0001ae74       sf_mex_destroy             000000018001be74 f   sf_runtime:sf_runtime.dll
 0001:0001ae7a       sf_mex_getcell             000000018001be7a f   sf_runtime:sf_runtime.dll
 0001:0001ae80       sf_mex_dup                 000000018001be80 f   sf_runtime:sf_runtime.dll
 0001:0001ae86       sf_mex_import              000000018001be86 f   sf_runtime:sf_runtime.dll
 0001:0001ae8c       sf_set_rtw_dwork_info      000000018001be8c f   sf_runtime:sf_runtime.dll
 0001:0001ae92       sf_mark_chart_reusable_outputs 000000018001be92 f   sf_runtime:sf_runtime.dll
 0001:0001ae98       sf_mark_chart_expressionable_inputs 000000018001be98 f   sf_runtime:sf_runtime.dll
 0001:0001ae9e       sf_update_buildInfo        000000018001be9e f   sf_runtime:sf_runtime.dll
 0001:0001aea4       sf_rtw_info_uint_prop      000000018001bea4 f   sf_runtime:sf_runtime.dll
 0001:0001aeaa       sf_is_chart_inlinable      000000018001beaa f   sf_runtime:sf_runtime.dll
 0001:0001aeb0       sim_mode_is_external       000000018001beb0 f   sf_runtime:sf_runtime.dll
 0001:0001aeb6       sim_mode_is_rtw_gen        000000018001beb6 f   sf_runtime:sf_runtime.dll
 0001:0001aebc       sf_debug_reset_current_state_configuration 000000018001bebc f   sf_runtime:sf_runtime.dll
 0001:0001aec2       sf_debug_set_instance_data_value_ptr 000000018001bec2 f   sf_runtime:sf_runtime.dll
 0001:0001aec8       sf_debug_set_chart_data_compiled_props 000000018001bec8 f   sf_runtime:sf_runtime.dll
 0001:0001aece       cv_eml_init_mcdc           000000018001bece f   sf_runtime:sf_runtime.dll
 0001:0001aed4       cv_eml_init_if             000000018001bed4 f   sf_runtime:sf_runtime.dll
 0001:0001aeda       cv_eml_init_fcn            000000018001beda f   sf_runtime:sf_runtime.dll
 0001:0001aee0       cv_eml_init_script         000000018001bee0 f   sf_runtime:sf_runtime.dll
 0001:0001aee6       sf_debug_cv_init_trans     000000018001bee6 f   sf_runtime:sf_runtime.dll
 0001:0001aeec       sf_debug_cv_init_state     000000018001beec f   sf_runtime:sf_runtime.dll
 0001:0001aef2       sf_debug_cv_init_chart     000000018001bef2 f   sf_runtime:sf_runtime.dll
 0001:0001aef8       sf_debug_set_chart_decomposition 000000018001bef8 f   sf_runtime:sf_runtime.dll
 0001:0001aefe       sf_debug_set_chart_substate_count 000000018001befe f   sf_runtime:sf_runtime.dll
 0001:0001af04       sf_debug_set_chart_state_info 000000018001bf04 f   sf_runtime:sf_runtime.dll
 0001:0001af0a       sf_debug_set_chart_data_props 000000018001bf0a f   sf_runtime:sf_runtime.dll
 0001:0001af10       sf_debug_set_chart_event_thresholds 000000018001bf10 f   sf_runtime:sf_runtime.dll
 0001:0001af16       sf_debug_set_chart_disable_implicit_casting 000000018001bf16 f   sf_runtime:sf_runtime.dll
 0001:0001af1c       sf_debug_initialize_chart  000000018001bf1c f   sf_runtime:sf_runtime.dll
 0001:0001af22       sf_get_time                000000018001bf22 f   sf_runtime:sf_runtime.dll
 0001:0001af28       sf_debug_check_for_state_inconsistency 000000018001bf28 f   sf_runtime:sf_runtime.dll
 0001:0001af2e       sf_debug_symbol_scope_pop  000000018001bf2e f   sf_runtime:sf_runtime.dll
 0001:0001af34       eml_debug_line_call        000000018001bf34 f   sf_runtime:sf_runtime.dll
 0001:0001af3a       cv_eml_eval                000000018001bf3a f   sf_runtime:sf_runtime.dll
 0001:0001af40       sf_debug_symbol_scope_add_eml 000000018001bf40 f   sf_runtime:sf_runtime.dll
 0001:0001af46       sf_debug_symbol_scope_add_eml_importable 000000018001bf46 f   sf_runtime:sf_runtime.dll
 0001:0001af4c       sf_debug_symbol_scope_push_eml 000000018001bf4c f   sf_runtime:sf_runtime.dll
 0001:0001af52       sf_debug_data_range_wrapper 000000018001bf52 f   sf_runtime:sf_runtime.dll
 0001:0001af58       sf_debug_call              000000018001bf58 f   sf_runtime:sf_runtime.dll
 0001:0001af5e       sf_debug_symbol_scope_push 000000018001bf5e f   sf_runtime:sf_runtime.dll
 0001:0001af64       sf_clear_rtw_identifier    000000018001bf64 f   sf_runtime:sf_runtime.dll
 0001:0001af6a       sf_mex_emlrtNameCapturePostProcessR2012a 000000018001bf6a f   sf_runtime:sf_runtime.dll
 0001:0001af70       sf_mex_createstruct        000000018001bf70 f   sf_runtime:sf_runtime.dll
 0001:0001af76       sf_mex_duplicatearraysafe  000000018001bf76 f   sf_runtime:sf_runtime.dll
 0001:0001af7c       sf_mex_addfield            000000018001bf7c f   sf_runtime:sf_runtime.dll
 0001:0001af82       cv_script_init_fcn         000000018001bf82 f   sf_runtime:sf_runtime.dll
 0001:0001af88       cv_script_init_script      000000018001bf88 f   sf_runtime:sf_runtime.dll
 0001:0001af8e       cv_eml_init_saturation     000000018001bf8e f   sf_runtime:sf_runtime.dll
 0001:0001af94       sf_debug_set_script_translation 000000018001bf94 f   sf_runtime:sf_runtime.dll
 0001:0001af9a       sf_debug_get_script_id     000000018001bf9a f   sf_runtime:sf_runtime.dll
 0001:0001afa0       cv_script_eval             000000018001bfa0 f   sf_runtime:sf_runtime.dll
 0001:0001afa6       cv_eval_saturation         000000018001bfa6 f   sf_runtime:sf_runtime.dll
 0001:0001afac       sf_debug_eml_data_array_bounds_error_check 000000018001bfac f   sf_runtime:sf_runtime.dll
 0001:0001afb2       sf_debug_integer_check     000000018001bfb2 f   sf_runtime:sf_runtime.dll
 0001:0001afb8       sf_mex_call_debug          000000018001bfb8 f   sf_runtime:sf_runtime.dll
 0001:0001afbe       sf_debug_terminate         000000018001bfbe f   sf_runtime:sf_runtime.dll
 0001:0001afc4       sf_debug_create_debug_instance_struct 000000018001bfc4 f   sf_runtime:sf_runtime.dll
 0001:0001afca       sf_debug_api               000000018001bfca f   sf_runtime:sf_runtime.dll
 0001:0001afd0       callMdlMethodAndReportError 000000018001bfd0 f   sf_runtime:sf_runtime.dll
 0001:0001afd6       call_sf_machine_global_method_dispatcher 000000018001bfd6 f   sf_runtime:sf_runtime.dll
 0001:0001afdc       sf_clear_error_manager_info 000000018001bfdc f   sf_runtime:sf_runtime.dll
 0001:0001afe2       sf_mex_error_direct_call   000000018001bfe2 f   sf_runtime:sf_runtime.dll
 0001:0001afe8       mxCreateDoubleMatrix_730   000000018001bfe8 f   libmx:libmx.dll
 0001:0001afee       mxGetScalar                000000018001bfee f   libmx:libmx.dll
 0001:0001aff4       mxGetString_730            000000018001bff4 f   libmx:libmx.dll
 0001:0001affa       mxIsChar                   000000018001bffa f   libmx:libmx.dll
 0001:0001b000       mxGetPr                    000000018001c000 f   libmx:libmx.dll
 0001:0001b006       mxDestroyArray             000000018001c006 f   libmx:libmx.dll
 0001:0001b00c       mxDuplicateArray           000000018001c00c f   libmx:libmx.dll
 0001:0001b012       mxCreateDoubleScalar       000000018001c012 f   libmx:libmx.dll
 0001:0001b018       mxSetField_730             000000018001c018 f   libmx:libmx.dll
 0001:0001b01e       mxCreateString             000000018001c01e f   libmx:libmx.dll
 0001:0001b024       mxCreateStructMatrix_730   000000018001c024 f   libmx:libmx.dll
 0001:0001b02a       mxCreateCellMatrix_730     000000018001c02a f   libmx:libmx.dll
 0001:0001b030       mxIsEmpty                  000000018001c030 f   libmx:libmx.dll
 0001:0001b036       mxGetClassID               000000018001c036 f   libmx:libmx.dll
 0001:0001b03c       mxIsNumeric                000000018001c03c f   libmx:libmx.dll
 0001:0001b042       mxIsComplex                000000018001c042 f   libmx:libmx.dll
 0001:0001b048       mxGetN                     000000018001c048 f   libmx:libmx.dll
 0001:0001b04e       mxGetM                     000000018001c04e f   libmx:libmx.dll
 0001:0001b054       mxCalloc                   000000018001c054 f   libmx:libmx.dll
 0001:0001b05a       mexMakeArrayPersistent     000000018001c05a f   libmex:libmex.dll
 0001:0001b060       mexUnlock                  000000018001c060 f   libmex:libmex.dll
 0001:0001b066       mexIsLocked                000000018001c066 f   libmex:libmex.dll
 0001:0001b06c       mexWarnMsgTxt              000000018001c06c f   libmex:libmex.dll
 0001:0001b072       mexCallMATLAB              000000018001c072 f   libmex:libmex.dll
 0001:0001b078       mexErrMsgTxt               000000018001c078 f   libmex:libmex.dll
 0001:0001b07e       mexLock                    000000018001c07e f   libmex:libmex.dll
 0001:0001b084       utMalloc                   000000018001c084 f   libut:libut.dll
 0001:0001b08a       utFree                     000000018001c08a f   libut:libut.dll
 0001:0001b090       muDoubleScalarRound        000000018001c090 f   libmwmathutil:libmwmathutil.dll
 0001:0001b098       __GSHandlerCheckCommon     000000018001c098 f   MSVCRT:gshandler.obj
 0001:0001b0fc       __GSHandlerCheck           000000018001c0fc f   MSVCRT:gshandler.obj
 0001:0001b11a       strcmp                     000000018001c11a f   MSVCRT:MSVCR100.dll
 0001:0001b130       __security_check_cookie    000000018001c130 f   MSVCRT:amdsecgs.obj
 0001:0001b150       memset                     000000018001c150 f   MSVCRT:MSVCR100.dll
 0001:0001b156       strlen                     000000018001c156 f   MSVCRT:MSVCR100.dll
 0001:0001b15c       free                       000000018001c15c f   MSVCRT:MSVCR100.dll
 0001:0001b162       sprintf                    000000018001c162 f   MSVCRT:MSVCR100.dll
 0001:0001b168       malloc                     000000018001c168 f   MSVCRT:MSVCR100.dll
 0001:0001b16e       strcat                     000000018001c16e f   MSVCRT:MSVCR100.dll
 0001:0001b174       memcpy                     000000018001c174 f   MSVCRT:MSVCR100.dll
 0001:0001b17c       NtCurrentTeb               000000018001c17c f i MSVCRT:crtdll.obj
 0001:0001b1e8       _CRT_INIT                  000000018001c1e8 f   MSVCRT:crtdll.obj
 0001:0001b580       _DllMainCRTStartup         000000018001c580 f   MSVCRT:crtdll.obj
 0001:0001b5c0       __report_gsfailure         000000018001c5c0 f   MSVCRT:gs_report.obj
 0001:0001b70c       __clean_type_info_names    000000018001c70c f   MSVCRT:tncleanup.obj
 0001:0001b718       _onexit                    000000018001c718 f   MSVCRT:atonexit.obj
 0001:0001b7c8       atexit                     000000018001c7c8 f   MSVCRT:atonexit.obj
 0001:0001b7e0       _RTC_Initialize            000000018001c7e0 f   MSVCRT:_initsect_.obj
 0001:0001b818       _RTC_Terminate             000000018001c818 f   MSVCRT:_initsect_.obj
 0001:0001b850       _malloc_crt                000000018001c850 f   MSVCRT:MSVCR100.dll
 0001:0001b860       _ValidateImageBase         000000018001c860 f   MSVCRT:pesect.obj
 0001:0001b890       _FindPESection             000000018001c890 f   MSVCRT:pesect.obj
 0001:0001b8e0       _IsNonwritableInCurrentImage 000000018001c8e0 f   MSVCRT:pesect.obj
 0001:0001b922       _initterm                  000000018001c922 f   MSVCRT:MSVCR100.dll
 0001:0001b928       _initterm_e                000000018001c928 f   MSVCRT:MSVCR100.dll
 0001:0001b92e       _encoded_null              000000018001c92e f   MSVCRT:MSVCR100.dll
 0001:0001b934       _amsg_exit                 000000018001c934 f   MSVCRT:MSVCR100.dll
 0001:0001b93a       __C_specific_handler       000000018001c93a f   MSVCRT:MSVCR100.dll
 0001:0001b940       __CppXcptFilter            000000018001c940 f   MSVCRT:MSVCR100.dll
 0001:0001b948       DllMain                    000000018001c948 f   MSVCRT:dllmain.obj
 0001:0001b96c       __security_init_cookie     000000018001c96c f   MSVCRT:gs_support.obj
 0001:0001ba20       __crt_debugger_hook        000000018001ca20 f   MSVCRT:MSVCR100.dll
 0001:0001ba26       __clean_type_info_names_internal 000000018001ca26 f   MSVCRT:MSVCR100.dll
 0001:0001ba2c       _unlock                    000000018001ca2c f   MSVCRT:MSVCR100.dll
 0001:0001ba32       __dllonexit                000000018001ca32 f   MSVCRT:MSVCR100.dll
 0001:0001ba38       _lock                      000000018001ca38 f   MSVCRT:MSVCR100.dll
 0001:0001ba3e       EncodePointer              000000018001ca3e f   kernel32:KERNEL32.dll
 0001:0001ba44       DecodePointer              000000018001ca44 f   kernel32:KERNEL32.dll
 0001:0001ba4a       Sleep                      000000018001ca4a f   kernel32:KERNEL32.dll
 0001:0001ba50       TerminateProcess           000000018001ca50 f   kernel32:KERNEL32.dll
 0001:0001ba56       GetCurrentProcess          000000018001ca56 f   kernel32:KERNEL32.dll
 0001:0001ba5c       UnhandledExceptionFilter   000000018001ca5c f   kernel32:KERNEL32.dll
 0001:0001ba62       SetUnhandledExceptionFilter 000000018001ca62 f   kernel32:KERNEL32.dll
 0001:0001ba68       IsDebuggerPresent          000000018001ca68 f   kernel32:KERNEL32.dll
 0001:0001ba6e       RtlVirtualUnwind           000000018001ca6e f   kernel32:KERNEL32.dll
 0001:0001ba74       RtlLookupFunctionEntry     000000018001ca74 f   kernel32:KERNEL32.dll
 0001:0001ba7a       RtlCaptureContext          000000018001ca7a f   kernel32:KERNEL32.dll
 0001:0001ba80       DisableThreadLibraryCalls  000000018001ca80 f   kernel32:KERNEL32.dll
 0001:0001ba86       QueryPerformanceCounter    000000018001ca86 f   kernel32:KERNEL32.dll
 0001:0001ba8c       GetTickCount               000000018001ca8c f   kernel32:KERNEL32.dll
 0001:0001ba92       GetCurrentThreadId         000000018001ca92 f   kernel32:KERNEL32.dll
 0001:0001ba98       GetCurrentProcessId        000000018001ca98 f   kernel32:KERNEL32.dll
 0001:0001ba9e       GetSystemTimeAsFileTime    000000018001ca9e f   kernel32:KERNEL32.dll
 0002:00000000       __imp_GetCurrentProcessId  000000018001d000     kernel32:KERNEL32.dll
 0002:00000008       __imp_GetCurrentThreadId   000000018001d008     kernel32:KERNEL32.dll
 0002:00000010       __imp_GetTickCount         000000018001d010     kernel32:KERNEL32.dll
 0002:00000018       __imp_QueryPerformanceCounter 000000018001d018     kernel32:KERNEL32.dll
 0002:00000020       __imp_DisableThreadLibraryCalls 000000018001d020     kernel32:KERNEL32.dll
 0002:00000028       __imp_RtlCaptureContext    000000018001d028     kernel32:KERNEL32.dll
 0002:00000030       __imp_RtlLookupFunctionEntry 000000018001d030     kernel32:KERNEL32.dll
 0002:00000038       __imp_RtlVirtualUnwind     000000018001d038     kernel32:KERNEL32.dll
 0002:00000040       __imp_IsDebuggerPresent    000000018001d040     kernel32:KERNEL32.dll
 0002:00000048       __imp_SetUnhandledExceptionFilter 000000018001d048     kernel32:KERNEL32.dll
 0002:00000050       __imp_UnhandledExceptionFilter 000000018001d050     kernel32:KERNEL32.dll
 0002:00000058       __imp_GetCurrentProcess    000000018001d058     kernel32:KERNEL32.dll
 0002:00000060       __imp_TerminateProcess     000000018001d060     kernel32:KERNEL32.dll
 0002:00000068       __imp_Sleep                000000018001d068     kernel32:KERNEL32.dll
 0002:00000070       __imp_DecodePointer        000000018001d070     kernel32:KERNEL32.dll
 0002:00000078       __imp_EncodePointer        000000018001d078     kernel32:KERNEL32.dll
 0002:00000080       __imp_GetSystemTimeAsFileTime 000000018001d080     kernel32:KERNEL32.dll
 0002:00000088       \177KERNEL32_NULL_THUNK_DATA 000000018001d088     kernel32:KERNEL32.dll
 0002:00000090       __imp__onexit              000000018001d090     MSVCRT:MSVCR100.dll
 0002:00000098       __imp__lock                000000018001d098     MSVCRT:MSVCR100.dll
 0002:000000a0       __imp___dllonexit          000000018001d0a0     MSVCRT:MSVCR100.dll
 0002:000000a8       __imp__unlock              000000018001d0a8     MSVCRT:MSVCR100.dll
 0002:000000b0       __imp___clean_type_info_names_internal 000000018001d0b0     MSVCRT:MSVCR100.dll
 0002:000000b8       __imp___crt_debugger_hook  000000018001d0b8     MSVCRT:MSVCR100.dll
 0002:000000c0       __imp___CppXcptFilter      000000018001d0c0     MSVCRT:MSVCR100.dll
 0002:000000c8       __imp___C_specific_handler 000000018001d0c8     MSVCRT:MSVCR100.dll
 0002:000000d0       __imp__amsg_exit           000000018001d0d0     MSVCRT:MSVCR100.dll
 0002:000000d8       __imp__encoded_null        000000018001d0d8     MSVCRT:MSVCR100.dll
 0002:000000e0       __imp__initterm_e          000000018001d0e0     MSVCRT:MSVCR100.dll
 0002:000000e8       __imp__initterm            000000018001d0e8     MSVCRT:MSVCR100.dll
 0002:000000f0       __imp__malloc_crt          000000018001d0f0     MSVCRT:MSVCR100.dll
 0002:000000f8       __imp_memcpy               000000018001d0f8     MSVCRT:MSVCR100.dll
 0002:00000100       __imp_strcat               000000018001d100     MSVCRT:MSVCR100.dll
 0002:00000108       __imp_malloc               000000018001d108     MSVCRT:MSVCR100.dll
 0002:00000110       __imp_sprintf              000000018001d110     MSVCRT:MSVCR100.dll
 0002:00000118       __imp_free                 000000018001d118     MSVCRT:MSVCR100.dll
 0002:00000120       __imp_strlen               000000018001d120     MSVCRT:MSVCR100.dll
 0002:00000128       __imp_memset               000000018001d128     MSVCRT:MSVCR100.dll
 0002:00000130       __imp_strcmp               000000018001d130     MSVCRT:MSVCR100.dll
 0002:00000138       \177MSVCR100_NULL_THUNK_DATA 000000018001d138     MSVCRT:MSVCR100.dll
 0002:00000140       __imp_mexCallMATLAB        000000018001d140     libmex:libmex.dll
 0002:00000148       __imp_mexUnlock            000000018001d148     libmex:libmex.dll
 0002:00000150       __imp_mexLock              000000018001d150     libmex:libmex.dll
 0002:00000158       __imp_mexErrMsgTxt         000000018001d158     libmex:libmex.dll
 0002:00000160       __imp_mexMakeArrayPersistent 000000018001d160     libmex:libmex.dll
 0002:00000168       __imp_mexWarnMsgTxt        000000018001d168     libmex:libmex.dll
 0002:00000170       __imp_mexIsLocked          000000018001d170     libmex:libmex.dll
 0002:00000178       \177libmex_NULL_THUNK_DATA 000000018001d178     libmex:libmex.dll
 0002:00000180       __imp_muDoubleScalarRound  000000018001d180     libmwmathutil:libmwmathutil.dll
 0002:00000188       \177libmwmathutil_NULL_THUNK_DATA 000000018001d188     libmwmathutil:libmwmathutil.dll
 0002:00000190       __imp_mxCalloc             000000018001d190     libmx:libmx.dll
 0002:00000198       __imp_mxGetM               000000018001d198     libmx:libmx.dll
 0002:000001a0       __imp_mxGetN               000000018001d1a0     libmx:libmx.dll
 0002:000001a8       __imp_mxIsComplex          000000018001d1a8     libmx:libmx.dll
 0002:000001b0       __imp_mxIsNumeric          000000018001d1b0     libmx:libmx.dll
 0002:000001b8       __imp_mxGetClassID         000000018001d1b8     libmx:libmx.dll
 0002:000001c0       __imp_mxIsEmpty            000000018001d1c0     libmx:libmx.dll
 0002:000001c8       __imp_mxCreateCellMatrix_730 000000018001d1c8     libmx:libmx.dll
 0002:000001d0       __imp_mxCreateStructMatrix_730 000000018001d1d0     libmx:libmx.dll
 0002:000001d8       __imp_mxCreateString       000000018001d1d8     libmx:libmx.dll
 0002:000001e0       __imp_mxCreateDoubleScalar 000000018001d1e0     libmx:libmx.dll
 0002:000001e8       __imp_mxDuplicateArray     000000018001d1e8     libmx:libmx.dll
 0002:000001f0       __imp_mxDestroyArray       000000018001d1f0     libmx:libmx.dll
 0002:000001f8       __imp_mxGetPr              000000018001d1f8     libmx:libmx.dll
 0002:00000200       __imp_mxIsChar             000000018001d200     libmx:libmx.dll
 0002:00000208       __imp_mxGetString_730      000000018001d208     libmx:libmx.dll
 0002:00000210       __imp_mxGetScalar          000000018001d210     libmx:libmx.dll
 0002:00000218       __imp_mxCreateDoubleMatrix_730 000000018001d218     libmx:libmx.dll
 0002:00000220       __imp_mxSetField_730       000000018001d220     libmx:libmx.dll
 0002:00000228       \177libmx_NULL_THUNK_DATA  000000018001d228     libmx:libmx.dll
 0002:00000230       __imp_utMalloc             000000018001d230     libut:libut.dll
 0002:00000238       __imp_utFree               000000018001d238     libut:libut.dll
 0002:00000240       \177libut_NULL_THUNK_DATA  000000018001d240     libut:libut.dll
 0002:00000248       __imp_callMdlMethodAndReportError 000000018001d248     sf_runtime:sf_runtime.dll
 0002:00000250       __imp_sf_debug_api         000000018001d250     sf_runtime:sf_runtime.dll
 0002:00000258       __imp_sf_debug_create_debug_instance_struct 000000018001d258     sf_runtime:sf_runtime.dll
 0002:00000260       __imp_sf_debug_terminate   000000018001d260     sf_runtime:sf_runtime.dll
 0002:00000268       __imp_sf_mex_call_debug    000000018001d268     sf_runtime:sf_runtime.dll
 0002:00000270       __imp_sf_debug_integer_check 000000018001d270     sf_runtime:sf_runtime.dll
 0002:00000278       __imp_sf_debug_eml_data_array_bounds_error_check 000000018001d278     sf_runtime:sf_runtime.dll
 0002:00000280       __imp_cv_eval_saturation   000000018001d280     sf_runtime:sf_runtime.dll
 0002:00000288       __imp_cv_script_eval       000000018001d288     sf_runtime:sf_runtime.dll
 0002:00000290       __imp_sf_update_buildInfo  000000018001d290     sf_runtime:sf_runtime.dll
 0002:00000298       __imp_sf_debug_get_script_id 000000018001d298     sf_runtime:sf_runtime.dll
 0002:000002a0       __imp_sf_debug_set_script_translation 000000018001d2a0     sf_runtime:sf_runtime.dll
 0002:000002a8       __imp_cv_eml_init_saturation 000000018001d2a8     sf_runtime:sf_runtime.dll
 0002:000002b0       __imp_cv_script_init_script 000000018001d2b0     sf_runtime:sf_runtime.dll
 0002:000002b8       __imp_sf_mex_error_direct_call 000000018001d2b8     sf_runtime:sf_runtime.dll
 0002:000002c0       __imp_sf_mex_addfield      000000018001d2c0     sf_runtime:sf_runtime.dll
 0002:000002c8       __imp_sf_mex_duplicatearraysafe 000000018001d2c8     sf_runtime:sf_runtime.dll
 0002:000002d0       __imp_sf_mex_createstruct  000000018001d2d0     sf_runtime:sf_runtime.dll
 0002:000002d8       __imp_sf_mex_emlrtNameCapturePostProcessR2012a 000000018001d2d8     sf_runtime:sf_runtime.dll
 0002:000002e0       __imp_sf_clear_rtw_identifier 000000018001d2e0     sf_runtime:sf_runtime.dll
 0002:000002e8       __imp_sf_debug_symbol_scope_push 000000018001d2e8     sf_runtime:sf_runtime.dll
 0002:000002f0       __imp_sf_debug_call        000000018001d2f0     sf_runtime:sf_runtime.dll
 0002:000002f8       __imp_sf_debug_data_range_wrapper 000000018001d2f8     sf_runtime:sf_runtime.dll
 0002:00000300       __imp_sf_debug_symbol_scope_push_eml 000000018001d300     sf_runtime:sf_runtime.dll
 0002:00000308       __imp_sf_debug_symbol_scope_add_eml_importable 000000018001d308     sf_runtime:sf_runtime.dll
 0002:00000310       __imp_sf_debug_symbol_scope_add_eml 000000018001d310     sf_runtime:sf_runtime.dll
 0002:00000318       __imp_cv_eml_eval          000000018001d318     sf_runtime:sf_runtime.dll
 0002:00000320       __imp_eml_debug_line_call  000000018001d320     sf_runtime:sf_runtime.dll
 0002:00000328       __imp_sf_debug_symbol_scope_pop 000000018001d328     sf_runtime:sf_runtime.dll
 0002:00000330       __imp_sf_clear_error_manager_info 000000018001d330     sf_runtime:sf_runtime.dll
 0002:00000338       __imp_cv_script_init_fcn   000000018001d338     sf_runtime:sf_runtime.dll
 0002:00000340       __imp_call_sf_machine_global_method_dispatcher 000000018001d340     sf_runtime:sf_runtime.dll
 0002:00000348       __imp_sf_debug_check_for_state_inconsistency 000000018001d348     sf_runtime:sf_runtime.dll
 0002:00000350       __imp_sf_get_time          000000018001d350     sf_runtime:sf_runtime.dll
 0002:00000358       __imp_sf_debug_initialize_chart 000000018001d358     sf_runtime:sf_runtime.dll
 0002:00000360       __imp_sf_debug_set_chart_disable_implicit_casting 000000018001d360     sf_runtime:sf_runtime.dll
 0002:00000368       __imp_sf_debug_set_chart_event_thresholds 000000018001d368     sf_runtime:sf_runtime.dll
 0002:00000370       __imp_sf_debug_set_chart_data_props 000000018001d370     sf_runtime:sf_runtime.dll
 0002:00000378       __imp_sf_debug_set_chart_state_info 000000018001d378     sf_runtime:sf_runtime.dll
 0002:00000380       __imp_sf_debug_set_chart_substate_count 000000018001d380     sf_runtime:sf_runtime.dll
 0002:00000388       __imp_sf_debug_set_chart_decomposition 000000018001d388     sf_runtime:sf_runtime.dll
 0002:00000390       __imp_sf_debug_cv_init_chart 000000018001d390     sf_runtime:sf_runtime.dll
 0002:00000398       __imp_sf_debug_cv_init_state 000000018001d398     sf_runtime:sf_runtime.dll
 0002:000003a0       __imp_sf_debug_cv_init_trans 000000018001d3a0     sf_runtime:sf_runtime.dll
 0002:000003a8       __imp_cv_eml_init_script   000000018001d3a8     sf_runtime:sf_runtime.dll
 0002:000003b0       __imp_cv_eml_init_fcn      000000018001d3b0     sf_runtime:sf_runtime.dll
 0002:000003b8       __imp_cv_eml_init_if       000000018001d3b8     sf_runtime:sf_runtime.dll
 0002:000003c0       __imp_cv_eml_init_mcdc     000000018001d3c0     sf_runtime:sf_runtime.dll
 0002:000003c8       __imp_sf_debug_set_chart_data_compiled_props 000000018001d3c8     sf_runtime:sf_runtime.dll
 0002:000003d0       __imp_sf_debug_set_instance_data_value_ptr 000000018001d3d0     sf_runtime:sf_runtime.dll
 0002:000003d8       __imp_sf_debug_reset_current_state_configuration 000000018001d3d8     sf_runtime:sf_runtime.dll
 0002:000003e0       __imp_sim_mode_is_rtw_gen  000000018001d3e0     sf_runtime:sf_runtime.dll
 0002:000003e8       __imp_sim_mode_is_external 000000018001d3e8     sf_runtime:sf_runtime.dll
 0002:000003f0       __imp_sf_is_chart_inlinable 000000018001d3f0     sf_runtime:sf_runtime.dll
 0002:000003f8       __imp_sf_rtw_info_uint_prop 000000018001d3f8     sf_runtime:sf_runtime.dll
 0002:00000400       __imp_sf_mark_chart_expressionable_inputs 000000018001d400     sf_runtime:sf_runtime.dll
 0002:00000408       __imp_sf_mark_chart_reusable_outputs 000000018001d408     sf_runtime:sf_runtime.dll
 0002:00000410       __imp_sf_set_rtw_dwork_info 000000018001d410     sf_runtime:sf_runtime.dll
 0002:00000418       __imp_sf_mex_import        000000018001d418     sf_runtime:sf_runtime.dll
 0002:00000420       __imp_sf_mex_dup           000000018001d420     sf_runtime:sf_runtime.dll
 0002:00000428       __imp_sf_mex_getcell       000000018001d428     sf_runtime:sf_runtime.dll
 0002:00000430       __imp_sf_mex_destroy       000000018001d430     sf_runtime:sf_runtime.dll
 0002:00000438       __imp_sf_mex_decode_encoded_mx_struct_array 000000018001d438     sf_runtime:sf_runtime.dll
 0002:00000440       __imp_sf_mex_createcellmatrix 000000018001d440     sf_runtime:sf_runtime.dll
 0002:00000448       __imp_sf_mex_setcell       000000018001d448     sf_runtime:sf_runtime.dll
 0002:00000450       __imp_sf_mex_call_matlab   000000018001d450     sf_runtime:sf_runtime.dll
 0002:00000458       __imp_sf_mex_error_message 000000018001d458     sf_runtime:sf_runtime.dll
 0002:00000460       __imp_sf_mex_create        000000018001d460     sf_runtime:sf_runtime.dll
 0002:00000468       __imp_sf_mex_assign        000000018001d468     sf_runtime:sf_runtime.dll
 0002:00000470       __imp_sf_load_rtw_optimization_info 000000018001d470     sf_runtime:sf_runtime.dll
 0002:00000478       __imp_sf_debug_initialize_machine 000000018001d478     sf_runtime:sf_runtime.dll
 0002:00000480       __imp_sf_debug_set_machine_event_thresholds 000000018001d480     sf_runtime:sf_runtime.dll
 0002:00000488       __imp_sf_debug_set_machine_data_thresholds 000000018001d488     sf_runtime:sf_runtime.dll
 0002:00000490       \177sf_runtime_NULL_THUNK_DATA 000000018001d490     sf_runtime:sf_runtime.dll
 0002:00000498       __xc_a                     000000018001d498     MSVCRT:cinitexe.obj
 0002:000004a0       __xc_z                     000000018001d4a0     MSVCRT:cinitexe.obj
 0002:000004a8       __xi_a                     000000018001d4a8     MSVCRT:cinitexe.obj
 0002:000004b8       __xi_z                     000000018001d4b8     MSVCRT:cinitexe.obj
 0002:000004c0       __real@41e87ef87a000000    000000018001d4c0     Tanques_quick_start_sfun.obj
 0002:000004c8       __real@41d3bc7bb4c00000    000000018001d4c8     Tanques_quick_start_sfun.obj
 0002:000004d0       __real@41e0b014c5800000    000000018001d4d0     Tanques_quick_start_sfun.obj
 0002:000004d8       __real@41cafd0655800000    000000018001d4d8     Tanques_quick_start_sfun.obj
 0002:000004e0       __real@41ad4b2baa000000    000000018001d4e0     Tanques_quick_start_sfun.obj
 0002:000004e8       __real@41e4f54984000000    000000018001d4e8     Tanques_quick_start_sfun.obj
 0002:000004f0       __real@41e2ce78c3a00000    000000018001d4f0     Tanques_quick_start_sfun.obj
 0002:000004f8       __real@41e6fa90b7000000    000000018001d4f8     Tanques_quick_start_sfun.obj
 0002:00000500       __real@41eee38c5d200000    000000018001d500     Tanques_quick_start_sfun.obj
 0002:00000508       __real@41c85f06fb000000    000000018001d508     Tanques_quick_start_sfun.obj
 0002:00000510       __real@41e984d80e800000    000000018001d510     Tanques_quick_start_sfun.obj
 0002:00000518       __real@41c3e3b2f3800000    000000018001d518     Tanques_quick_start_sfun.obj
 0002:00000520       __real@41e844c963200000    000000018001d520     Tanques_quick_start_sfun.obj
 0002:00000528       __real@41cf34175a000000    000000018001d528     Tanques_quick_start_sfun.obj
 0002:00000530       __real@41d35d689f400000    000000018001d530     Tanques_quick_start_sfun.obj
 0002:00000538       __real@41e37a97cd600000    000000018001d538     Tanques_quick_start_sfun.obj
 0002:00000540       __real@41b47d8fd5000000    000000018001d540     c1_Tanques_quick_start.obj
 0002:00000548       __real@41ddb4061b800000    000000018001d548     c1_Tanques_quick_start.obj
 0002:00000550       __real@41ce22818f800000    000000018001d550     c1_Tanques_quick_start.obj
 0002:00000558       __real@41bd97306b000000    000000018001d558     c1_Tanques_quick_start.obj
 0002:00000560       __real@4024000000000000    000000018001d560     c1_Tanques_quick_start.obj
 0002:00000568       __real@3ff0000000000000    000000018001d568     c1_Tanques_quick_start.obj
 0002:00000570       __real@3fe199999999999a    000000018001d570     c1_Tanques_quick_start.obj
 0002:00000578       __real@3fe0000000000000    000000018001d578     c1_Tanques_quick_start.obj
 0002:00000580       __real@3fe6666666666666    000000018001d580     c1_Tanques_quick_start.obj
 0002:00000588       __real@3ff8000000000000    000000018001d588     c1_Tanques_quick_start.obj
 0002:00000590       __real@3fe947ae147ae148    000000018001d590     c1_Tanques_quick_start.obj
 0002:00000598       __real@3fe999999999999a    000000018001d598     c1_Tanques_quick_start.obj
 0002:000005a0       __real@3feccccccccccccd    000000018001d5a0     c1_Tanques_quick_start.obj
 0002:000005a8       __real@4018000000000000    000000018001d5a8     c1_Tanques_quick_start.obj
 0002:000005b0       __real@4014000000000000    000000018001d5b0     c1_Tanques_quick_start.obj
 0002:000005c0       __mask@@NegDouble@         000000018001d5c0     c1_Tanques_quick_start.obj
 0002:000005d0       __real@4000000000000000    000000018001d5d0     c1_Tanques_quick_start.obj
 0002:000005d8       __real@403e000000000000    000000018001d5d8     c1_Tanques_quick_start.obj
 0002:000005e0       __real@c010000000000000    000000018001d5e0     c1_Tanques_quick_start.obj
 0002:000005e8       __real@4010000000000000    000000018001d5e8     c1_Tanques_quick_start.obj
 0002:000005f0       __real@4008000000000000    000000018001d5f0     c1_Tanques_quick_start.obj
 0002:000005f8       __real@41d4c38e79c00000    000000018001d5f8     c2_Tanques_quick_start.obj
 0002:00000600       __real@41e411a6d7200000    000000018001d600     c2_Tanques_quick_start.obj
 0002:00000608       __real@41e9302220600000    000000018001d608     c2_Tanques_quick_start.obj
 0002:00000610       __real@41d4808f70400000    000000018001d610     c2_Tanques_quick_start.obj
 0002:00000618       __real@3defffffffffffff    000000018001d618     c2_Tanques_quick_start.obj
 0002:00000620       __real@3e00000000200000    000000018001d620     c2_Tanques_quick_start.obj
 0002:00000628       __real@40b5710000000000    000000018001d628     c2_Tanques_quick_start.obj
 0002:00000630       __real@0000000000000000    000000018001d630     c2_Tanques_quick_start.obj
 0002:00000638       __real@41f0000000000000    000000018001d638     c2_Tanques_quick_start.obj
 0002:00000640       __real@3ca0000000000000    000000018001d640     c2_Tanques_quick_start.obj
 0002:00000648       __real@4190000000000000    000000018001d648     c2_Tanques_quick_start.obj
 0002:00000650       __real@406c800000000000    000000018001d650     c2_Tanques_quick_start.obj
 0002:00000658       __real@4078d00000000000    000000018001d658     c2_Tanques_quick_start.obj
 0002:00000660       __real@4083880000000000    000000018001d660     c2_Tanques_quick_start.obj
 0002:00000668       __real@41db82529fc00000    000000018001d668     c3_Tanques_quick_start.obj
 0002:00000670       __real@41ea990af1e00000    000000018001d670     c3_Tanques_quick_start.obj
 0002:00000678       __real@41e02eee4e200000    000000018001d678     c3_Tanques_quick_start.obj
 0002:00000680       __real@41aa6396a2000000    000000018001d680     c3_Tanques_quick_start.obj
 0002:00000690       DYNAMIC_DIMENSION_DEF      000000018001d690     Tanques_quick_start_sfun_registry.obj
 0002:000006b0       _ssBadLevel2InputAccessMsg 000000018001d6b0     Tanques_quick_start_sfun_registry.obj
 0002:00000840       _ssBadLevel2DirectFeedMsg  000000018001d840     Tanques_quick_start_sfun_registry.obj
 0002:00000980       _ssBadLevel2DirectFeedSolutionMsg 000000018001d980     Tanques_quick_start_sfun_registry.obj
 0002:000009f0       _ssBadLevel2ZeroDirectFeedMsg 000000018001d9f0     Tanques_quick_start_sfun_registry.obj
 0002:00000b30       _ssBadLevel2ZeroDirectFeedMsg2 000000018001db30     Tanques_quick_start_sfun_registry.obj
 0002:00000c18       __real@bff0000000000000    000000018001dc18     Tanques_quick_start_sfun_registry.obj
 0002:00000c20       __real@41602cbca0000000    000000018001dc20     Tanques_quick_start_sfun_registry.obj
 0002:00000c28       _pDefaultRawDllMain        000000018001dc28     MSVCRT:crtdll.obj
 0002:00000c28       _pRawDllMain               000000018001dc28     MSVCRT:crtdll.obj
 0002:00000c40       ?ProcessDetach@NativeDll@<CrtImplementationDetails>@@0IB 000000018001dc40     MSVCRT:tncleanup.obj
 0002:00000c44       ?ProcessAttach@NativeDll@<CrtImplementationDetails>@@0IB 000000018001dc44     MSVCRT:tncleanup.obj
 0002:00000c48       ?ThreadAttach@NativeDll@<CrtImplementationDetails>@@0IB 000000018001dc48     MSVCRT:tncleanup.obj
 0002:00000c4c       ?ThreadDetach@NativeDll@<CrtImplementationDetails>@@0IB 000000018001dc4c     MSVCRT:tncleanup.obj
 0002:00000c50       ?ProcessVerifier@NativeDll@<CrtImplementationDetails>@@0IB 000000018001dc50     MSVCRT:tncleanup.obj
 0002:00000c58       __rtc_iaa                  000000018001dc58     MSVCRT:_initsect_.obj
 0002:00000c60       __rtc_izz                  000000018001dc60     MSVCRT:_initsect_.obj
 0002:00000c68       __rtc_taa                  000000018001dc68     MSVCRT:_initsect_.obj
 0002:00000c70       __rtc_tzz                  000000018001dc70     MSVCRT:_initsect_.obj
 0002:000015d8       __IMPORT_DESCRIPTOR_sf_runtime 000000018001e5d8     sf_runtime:sf_runtime.dll
 0002:000015ec       __IMPORT_DESCRIPTOR_libmx  000000018001e5ec     libmx:libmx.dll
 0002:00001600       __IMPORT_DESCRIPTOR_libmex 000000018001e600     libmex:libmex.dll
 0002:00001614       __IMPORT_DESCRIPTOR_libut  000000018001e614     libut:libut.dll
 0002:00001628       __IMPORT_DESCRIPTOR_libmwmathutil 000000018001e628     libmwmathutil:libmwmathutil.dll
 0002:0000163c       __IMPORT_DESCRIPTOR_MSVCR100 000000018001e63c     MSVCRT:MSVCR100.dll
 0002:00001650       __IMPORT_DESCRIPTOR_KERNEL32 000000018001e650     kernel32:KERNEL32.dll
 0002:00001664       __NULL_IMPORT_DESCRIPTOR   000000018001e664     sf_runtime:sf_runtime.dll
 0003:00004ad0       DYNAMIC_DIMENSION          0000000180024ad0     Tanques_quick_start_sfun_registry.obj
 0003:000056d8       __security_cookie          00000001800256d8     MSVCRT:gs_cookie.obj
 0003:000056e0       __security_cookie_complement 00000001800256e0     MSVCRT:gs_cookie.obj
 0003:000056e8       _fltused                   00000001800256e8     MSVCRT:dllsupp.obj
 0003:000056f0       __native_dllmain_reason    00000001800256f0     MSVCRT:natstart.obj
 0003:000056f4       __native_vcclrit_reason    00000001800256f4     MSVCRT:natstart.obj
 0003:00005808       sfGlobalDebugInstanceStruct 0000000180025808     Tanques_quick_start_sfun_registry.obj
 0003:00005d90       ?__type_info_root_node@@3U__type_info_node@@A 0000000180025d90     MSVCRT:tncleanup.obj
 0003:00005da0       _Tanques_quick_startMachineNumber_ 0000000180025da0     <common>
 0003:00005da4       __native_startup_state     0000000180025da4     <common>
 0003:00005da8       __native_startup_lock      0000000180025da8     <common>
 0003:00005db0       __onexitend                0000000180025db0     <common>
 0003:00005db8       __onexitbegin              0000000180025db8     <common>
 0003:00005dc0       __dyn_tls_init_callback    0000000180025dc0     <common>

 entry point at        0001:0001b580

 Static symbols

 0001:00001790       get_sim_state_c1_Tanques_quick_start 0000000180002790 f   c1_Tanques_quick_start.obj
 0001:00001940       sf_get_sim_state_info_c1_Tanques_quick_start 0000000180002940 f   c1_Tanques_quick_start.obj
 0001:00001b10       set_sim_state_c1_Tanques_quick_start 0000000180002b10 f   c1_Tanques_quick_start.obj
 0001:00001bf0       c1_update_debugger_state_c1_Tanques_quick_start 0000000180002bf0 f   c1_Tanques_quick_start.obj
 0001:00001c00       c1_emlrt_marshallIn        0000000180002c00 f   c1_Tanques_quick_start.obj
 0001:00001c70       c1_b_emlrt_marshallIn      0000000180002c70 f   c1_Tanques_quick_start.obj
 0001:00001d00       c1_d_emlrt_marshallIn      0000000180002d00 f   c1_Tanques_quick_start.obj
 0001:00001d60       c1_e_emlrt_marshallIn      0000000180002d60 f   c1_Tanques_quick_start.obj
 0001:00001e60       mdlProcessParameters_c1_Tanques_quick_start 0000000180002e60 f   c1_Tanques_quick_start.obj
 0001:00001f40       initialize_params_c1_Tanques_quick_start 0000000180002f40 f   c1_Tanques_quick_start.obj
 0001:00001f50       mdlSetWorkWidths_c1_Tanques_quick_start 0000000180002f50 f   c1_Tanques_quick_start.obj
 0001:00002480       sf_get_instance_specialization 0000000180003480 f   c1_Tanques_quick_start.obj
 0001:00002490       mdlStart_c1_Tanques_quick_start 0000000180003490 f   c1_Tanques_quick_start.obj
 0001:000026c0       init_dsm_address_info      00000001800036c0 f   c1_Tanques_quick_start.obj
 0001:000026d0       chart_debug_initialization 00000001800036d0 f   c1_Tanques_quick_start.obj
 0001:00003880       init_script_number_translation 0000000180004880 f   c1_Tanques_quick_start.obj
 0001:000038a0       c1_sf_marshallOut          00000001800048a0 f   c1_Tanques_quick_start.obj
 0001:00003950       c1_sf_marshallIn           0000000180004950 f   c1_Tanques_quick_start.obj
 0001:000039f0       sf_opaque_initialize_c1_Tanques_quick_start 00000001800049f0 f   c1_Tanques_quick_start.obj
 0001:00003a30       initialize_c1_Tanques_quick_start 0000000180004a30 f   c1_Tanques_quick_start.obj
 0001:00003a80       sf_opaque_enable_c1_Tanques_quick_start 0000000180004a80 f   c1_Tanques_quick_start.obj
 0001:00003aa0       enable_c1_Tanques_quick_start 0000000180004aa0 f   c1_Tanques_quick_start.obj
 0001:00003ad0       sf_opaque_disable_c1_Tanques_quick_start 0000000180004ad0 f   c1_Tanques_quick_start.obj
 0001:00003af0       disable_c1_Tanques_quick_start 0000000180004af0 f   c1_Tanques_quick_start.obj
 0001:00003b20       sf_opaque_gateway_c1_Tanques_quick_start 0000000180004b20 f   c1_Tanques_quick_start.obj
 0001:00003b40       sf_gateway_c1_Tanques_quick_start 0000000180004b40 f   c1_Tanques_quick_start.obj
 0001:000061c0       sf_opaque_get_sim_state_c1_Tanques_quick_start 00000001800071c0 f   c1_Tanques_quick_start.obj
 0001:000061e0       sf_opaque_set_sim_state_c1_Tanques_quick_start 00000001800071e0 f   c1_Tanques_quick_start.obj
 0001:00006210       sf_opaque_terminate_c1_Tanques_quick_start 0000000180007210 f   c1_Tanques_quick_start.obj
 0001:000062b0       finalize_c1_Tanques_quick_start 00000001800072b0 f   c1_Tanques_quick_start.obj
 0001:000062c0       sf_opaque_init_subchart_simstructs 00000001800072c0 f   c1_Tanques_quick_start.obj
 0001:000062e0       initSimStructsc1_Tanques_quick_start 00000001800072e0 f   c1_Tanques_quick_start.obj
 0001:000062f0       mdlRTW_c1_Tanques_quick_start 00000001800072f0 f   c1_Tanques_quick_start.obj
 0001:000063a0       c2_info_helper             00000001800073a0 f   c2_Tanques_quick_start.obj
 0001:0000a2f0       c2_emlrt_marshallOut       000000018000b2f0 f   c2_Tanques_quick_start.obj
 0001:0000a380       c2_b_emlrt_marshallOut     000000018000b380 f   c2_Tanques_quick_start.obj
 0001:0000b050       get_sim_state_c2_Tanques_quick_start 000000018000c050 f   c2_Tanques_quick_start.obj
 0001:0000b6a0       sf_get_sim_state_info_c2_Tanques_quick_start 000000018000c6a0 f   c2_Tanques_quick_start.obj
 0001:0000b870       set_sim_state_c2_Tanques_quick_start 000000018000c870 f   c2_Tanques_quick_start.obj
 0001:0000bb00       c2_update_debugger_state_c2_Tanques_quick_start 000000018000cb00 f   c2_Tanques_quick_start.obj
 0001:0000bb10       c2_emlrt_marshallIn        000000018000cb10 f   c2_Tanques_quick_start.obj
 0001:0000bb80       c2_b_emlrt_marshallIn      000000018000cb80 f   c2_Tanques_quick_start.obj
 0001:0000bc10       c2_e_emlrt_marshallIn      000000018000cc10 f   c2_Tanques_quick_start.obj
 0001:0000bc70       c2_f_emlrt_marshallIn      000000018000cc70 f   c2_Tanques_quick_start.obj
 0001:0000bd20       c2_g_emlrt_marshallIn      000000018000cd20 f   c2_Tanques_quick_start.obj
 0001:0000bd80       c2_h_emlrt_marshallIn      000000018000cd80 f   c2_Tanques_quick_start.obj
 0001:0000be30       c2_i_emlrt_marshallIn      000000018000ce30 f   c2_Tanques_quick_start.obj
 0001:0000bea0       c2_j_emlrt_marshallIn      000000018000cea0 f   c2_Tanques_quick_start.obj
 0001:0000bfd0       c2_k_emlrt_marshallIn      000000018000cfd0 f   c2_Tanques_quick_start.obj
 0001:0000c040       c2_l_emlrt_marshallIn      000000018000d040 f   c2_Tanques_quick_start.obj
 0001:0000c130       c2_m_emlrt_marshallIn      000000018000d130 f   c2_Tanques_quick_start.obj
 0001:0000c190       c2_n_emlrt_marshallIn      000000018000d190 f   c2_Tanques_quick_start.obj
 0001:0000c290       mdlProcessParameters_c2_Tanques_quick_start 000000018000d290 f   c2_Tanques_quick_start.obj
 0001:0000c370       initialize_params_c2_Tanques_quick_start 000000018000d370 f   c2_Tanques_quick_start.obj
 0001:0000c380       mdlSetWorkWidths_c2_Tanques_quick_start 000000018000d380 f   c2_Tanques_quick_start.obj
 0001:0000c940       sf_get_instance_specialization 000000018000d940 f   c2_Tanques_quick_start.obj
 0001:0000c950       mdlStart_c2_Tanques_quick_start 000000018000d950 f   c2_Tanques_quick_start.obj
 0001:0000cb80       init_dsm_address_info      000000018000db80 f   c2_Tanques_quick_start.obj
 0001:0000cd90       chart_debug_initialization 000000018000dd90 f   c2_Tanques_quick_start.obj
 0001:0000e260       init_script_number_translation 000000018000f260 f   c2_Tanques_quick_start.obj
 0001:0000e2b0       c2_sf_marshallOut          000000018000f2b0 f   c2_Tanques_quick_start.obj
 0001:0000e360       c2_sf_marshallIn           000000018000f360 f   c2_Tanques_quick_start.obj
 0001:0000e400       c2_b_sf_marshallOut        000000018000f400 f   c2_Tanques_quick_start.obj
 0001:0000e4b0       c2_c_sf_marshallIn         000000018000f4b0 f   c2_Tanques_quick_start.obj
 0001:0000e550       c2_d_emlrt_marshallIn      000000018000f550 f   c2_Tanques_quick_start.obj
 0001:0000e5e0       sf_opaque_initialize_c2_Tanques_quick_start 000000018000f5e0 f   c2_Tanques_quick_start.obj
 0001:0000e620       initialize_c2_Tanques_quick_start 000000018000f620 f   c2_Tanques_quick_start.obj
 0001:0000e6a0       sf_opaque_enable_c2_Tanques_quick_start 000000018000f6a0 f   c2_Tanques_quick_start.obj
 0001:0000e6c0       enable_c2_Tanques_quick_start 000000018000f6c0 f   c2_Tanques_quick_start.obj
 0001:0000e6f0       sf_opaque_disable_c2_Tanques_quick_start 000000018000f6f0 f   c2_Tanques_quick_start.obj
 0001:0000e710       disable_c2_Tanques_quick_start 000000018000f710 f   c2_Tanques_quick_start.obj
 0001:0000e740       sf_opaque_gateway_c2_Tanques_quick_start 000000018000f740 f   c2_Tanques_quick_start.obj
 0001:0000e760       sf_gateway_c2_Tanques_quick_start 000000018000f760 f   c2_Tanques_quick_start.obj
 0001:0000fe90       c2_rand                    0000000180010e90 f   c2_Tanques_quick_start.obj
 0001:0000feb0       c2_eml_rand                0000000180010eb0 f   c2_Tanques_quick_start.obj
 0001:000102f0       c2_eml_rand_mt19937ar      00000001800112f0 f   c2_Tanques_quick_start.obj
 0001:00010360       c2_b_twister_state_vector  0000000180011360 f   c2_Tanques_quick_start.obj
 0001:000105b0       c2_c_eml_rand_mt19937ar    00000001800115b0 f   c2_Tanques_quick_start.obj
 0001:000113f0       c2_eml_error               00000001800123f0 f   c2_Tanques_quick_start.obj
 0001:00011540       c2_get_currAmp             0000000180012540 f   c2_Tanques_quick_start.obj
 0001:000115f0       c2_set_currAmp             00000001800125f0 f   c2_Tanques_quick_start.obj
 0001:000116b0       c2_get_currPeriod          00000001800126b0 f   c2_Tanques_quick_start.obj
 0001:00011760       c2_set_currPeriod          0000000180012760 f   c2_Tanques_quick_start.obj
 0001:00011820       c2_get_prevTime            0000000180012820 f   c2_Tanques_quick_start.obj
 0001:000118d0       c2_set_prevTime            00000001800128d0 f   c2_Tanques_quick_start.obj
 0001:00011990       sf_opaque_get_sim_state_c2_Tanques_quick_start 0000000180012990 f   c2_Tanques_quick_start.obj
 0001:000119b0       sf_opaque_set_sim_state_c2_Tanques_quick_start 00000001800129b0 f   c2_Tanques_quick_start.obj
 0001:000119e0       sf_opaque_terminate_c2_Tanques_quick_start 00000001800129e0 f   c2_Tanques_quick_start.obj
 0001:00011a80       finalize_c2_Tanques_quick_start 0000000180012a80 f   c2_Tanques_quick_start.obj
 0001:00011a90       sf_opaque_init_subchart_simstructs 0000000180012a90 f   c2_Tanques_quick_start.obj
 0001:00011ab0       initSimStructsc2_Tanques_quick_start 0000000180012ab0 f   c2_Tanques_quick_start.obj
 0001:00011ac0       mdlRTW_c2_Tanques_quick_start 0000000180012ac0 f   c2_Tanques_quick_start.obj
 0001:000122d0       get_sim_state_c3_Tanques_quick_start 00000001800132d0 f   c3_Tanques_quick_start.obj
 0001:00012470       sf_get_sim_state_info_c3_Tanques_quick_start 0000000180013470 f   c3_Tanques_quick_start.obj
 0001:00012640       set_sim_state_c3_Tanques_quick_start 0000000180013640 f   c3_Tanques_quick_start.obj
 0001:00012720       c3_update_debugger_state_c3_Tanques_quick_start 0000000180013720 f   c3_Tanques_quick_start.obj
 0001:00012730       c3_emlrt_marshallIn        0000000180013730 f   c3_Tanques_quick_start.obj
 0001:000127a0       c3_b_emlrt_marshallIn      00000001800137a0 f   c3_Tanques_quick_start.obj
 0001:00012830       c3_d_emlrt_marshallIn      0000000180013830 f   c3_Tanques_quick_start.obj
 0001:00012890       c3_e_emlrt_marshallIn      0000000180013890 f   c3_Tanques_quick_start.obj
 0001:00012990       mdlProcessParameters_c3_Tanques_quick_start 0000000180013990 f   c3_Tanques_quick_start.obj
 0001:00012a70       initialize_params_c3_Tanques_quick_start 0000000180013a70 f   c3_Tanques_quick_start.obj
 0001:00012a80       mdlSetWorkWidths_c3_Tanques_quick_start 0000000180013a80 f   c3_Tanques_quick_start.obj
 0001:00012f80       sf_get_instance_specialization 0000000180013f80 f   c3_Tanques_quick_start.obj
 0001:00012f90       mdlStart_c3_Tanques_quick_start 0000000180013f90 f   c3_Tanques_quick_start.obj
 0001:000131c0       init_dsm_address_info      00000001800141c0 f   c3_Tanques_quick_start.obj
 0001:000131d0       chart_debug_initialization 00000001800141d0 f   c3_Tanques_quick_start.obj
 0001:00013b40       init_script_number_translation 0000000180014b40 f   c3_Tanques_quick_start.obj
 0001:00013b60       c3_sf_marshallOut          0000000180014b60 f   c3_Tanques_quick_start.obj
 0001:00013c10       c3_sf_marshallIn           0000000180014c10 f   c3_Tanques_quick_start.obj
 0001:00013cb0       sf_opaque_initialize_c3_Tanques_quick_start 0000000180014cb0 f   c3_Tanques_quick_start.obj
 0001:00013cf0       initialize_c3_Tanques_quick_start 0000000180014cf0 f   c3_Tanques_quick_start.obj
 0001:00013d40       sf_opaque_enable_c3_Tanques_quick_start 0000000180014d40 f   c3_Tanques_quick_start.obj
 0001:00013d60       enable_c3_Tanques_quick_start 0000000180014d60 f   c3_Tanques_quick_start.obj
 0001:00013d90       sf_opaque_disable_c3_Tanques_quick_start 0000000180014d90 f   c3_Tanques_quick_start.obj
 0001:00013db0       disable_c3_Tanques_quick_start 0000000180014db0 f   c3_Tanques_quick_start.obj
 0001:00013de0       sf_opaque_gateway_c3_Tanques_quick_start 0000000180014de0 f   c3_Tanques_quick_start.obj
 0001:00013e00       sf_gateway_c3_Tanques_quick_start 0000000180014e00 f   c3_Tanques_quick_start.obj
 0001:00014760       sf_opaque_get_sim_state_c3_Tanques_quick_start 0000000180015760 f   c3_Tanques_quick_start.obj
 0001:00014780       sf_opaque_set_sim_state_c3_Tanques_quick_start 0000000180015780 f   c3_Tanques_quick_start.obj
 0001:000147b0       sf_opaque_terminate_c3_Tanques_quick_start 00000001800157b0 f   c3_Tanques_quick_start.obj
 0001:00014850       finalize_c3_Tanques_quick_start 0000000180015850 f   c3_Tanques_quick_start.obj
 0001:00014860       sf_opaque_init_subchart_simstructs 0000000180015860 f   c3_Tanques_quick_start.obj
 0001:00014880       initSimStructsc3_Tanques_quick_start 0000000180015880 f   c3_Tanques_quick_start.obj
 0001:00014890       mdlRTW_c3_Tanques_quick_start 0000000180015890 f   c3_Tanques_quick_start.obj
 0001:00015250       getChartInfoFromSimStruct  0000000180016250 f   Tanques_quick_start_sfun_registry.obj
 0001:000168f0       _ssFatalError              00000001800178f0 f   Tanques_quick_start_sfun_registry.obj
 0001:000199a0       ProcessMexSfunctionCmdLineCall 000000018001a9a0 f   Tanques_quick_start_sfun_registry.obj
 0001:00019b00       sf_debug_api_wrapper       000000018001ab00 f   Tanques_quick_start_sfun_registry.obj
 0001:00019b50       mdlStart                   000000018001ab50 f   Tanques_quick_start_sfun_registry.obj
 0001:00019b80       mdl_start_processing       000000018001ab80 f   Tanques_quick_start_sfun_registry.obj
 0001:00019c10       mdlTerminate               000000018001ac10 f   Tanques_quick_start_sfun_registry.obj
 0001:00019c40       mdl_terminate_processing   000000018001ac40 f   Tanques_quick_start_sfun_registry.obj
 0001:00019cc0       mdlInitializeSampleTimes   000000018001acc0 f   Tanques_quick_start_sfun_registry.obj
 0001:00019cf0       mdlZeroCrossings           000000018001acf0 f   Tanques_quick_start_sfun_registry.obj
 0001:00019d20       mdl_zeroCrossings_processing 000000018001ad20 f   Tanques_quick_start_sfun_registry.obj
 0001:00019d60       mdlDerivatives             000000018001ad60 f   Tanques_quick_start_sfun_registry.obj
 0001:00019d90       mdl_derivatives_processing 000000018001ad90 f   Tanques_quick_start_sfun_registry.obj
 0001:00019de0       mdlInitializeConditions    000000018001ade0 f   Tanques_quick_start_sfun_registry.obj
 0001:00019e10       mdl_initialize_conditions_processing 000000018001ae10 f   Tanques_quick_start_sfun_registry.obj
 0001:00019e60       mdlEnable                  000000018001ae60 f   Tanques_quick_start_sfun_registry.obj
 0001:00019e90       mdl_enable_processing      000000018001ae90 f   Tanques_quick_start_sfun_registry.obj
 0001:00019ed0       mdlDisable                 000000018001aed0 f   Tanques_quick_start_sfun_registry.obj
 0001:00019f00       mdl_disable_processing     000000018001af00 f   Tanques_quick_start_sfun_registry.obj
 0001:00019f40       mdlOutputs                 000000018001af40 f   Tanques_quick_start_sfun_registry.obj
 0001:00019f70       mdl_outputs_processing     000000018001af70 f   Tanques_quick_start_sfun_registry.obj
 0001:0001a050       mdl_outputs_continuous_legacy 000000018001b050 f   Tanques_quick_start_sfun_registry.obj
 0001:0001a140       mdlGetTimeOfNextVarHit     000000018001b140 f   Tanques_quick_start_sfun_registry.obj
 0001:0001a190       _ProcessMexSfunctionCmdLineCall 000000018001b190 f   Tanques_quick_start_sfun_registry.obj
 0001:0001a8e0       mdlSetWorkWidths           000000018001b8e0 f   Tanques_quick_start_sfun_registry.obj
 0001:0001a910       mdlProcessParameters       000000018001b910 f   Tanques_quick_start_sfun_registry.obj
 0001:0001a940       mdlInitializeSizes         000000018001b940 f   Tanques_quick_start_sfun_registry.obj
 0001:0001a970       mdlExtModeExec             000000018001b970 f   Tanques_quick_start_sfun_registry.obj
 0001:0001a9a0       mdl_ext_mode_exec_processing 000000018001b9a0 f   Tanques_quick_start_sfun_registry.obj
 0001:0001a9e0       mdlRTW                     000000018001b9e0 f   Tanques_quick_start_sfun_registry.obj
 0001:0001aa20       _CreateSimStruct           000000018001ba20 f   Tanques_quick_start_sfun_registry.obj
 0001:0001abb0       _RegNumInputPortsCB        000000018001bbb0 f   Tanques_quick_start_sfun_registry.obj
 0001:0001ac30       _RegNumOutputPortsCB       000000018001bc30 f   Tanques_quick_start_sfun_registry.obj
 0001:0001b188       pre_c_init                 000000018001c188 f   MSVCRT:crtdll.obj
 0001:0001b444       __DllMainCRTStartup        000000018001c444 f   MSVCRT:crtdll.obj
 0001:0001bab0       __DllMainCRTStartup$filt$0 000000018001cab0 f   MSVCRT:crtdll.obj
 0001:0001bae0       __DllMainCRTStartup$fin$1  000000018001cae0 f   MSVCRT:crtdll.obj
 0001:0001bafa       _onexit$fin$0              000000018001cafa f   MSVCRT:atonexit.obj
 0001:0001bb20       _IsNonwritableInCurrentImage$filt$0 000000018001cb20 f   MSVCRT:pesect.obj
