 Lab1BrunoLuiz_sfun

 Timestamp is 5b44dc1d (Tue Jul 10 13:17:33 2018)

 Preferred load address is 0000000180000000

 Start         Length     Name                   Class
 0001:00000000 0000c684H .text                   CODE
 0001:0000c690 00000092H .text$x                 CODE
 0002:00000000 00000410H .idata$5                DATA
 0002:00000410 00000008H .CRT$XCA                DATA
 0002:00000418 00000008H .CRT$XCZ                DATA
 0002:00000420 00000008H .CRT$XIA                DATA
 0002:00000428 00000008H .CRT$XIAA               DATA
 0002:00000430 00000008H .CRT$XIZ                DATA
 0002:00000440 000006dcH .rdata                  DATA
 0002:00000b20 00000008H .rtc$IAA                DATA
 0002:00000b28 00000008H .rtc$IZZ                DATA
 0002:00000b30 00000008H .rtc$TAA                DATA
 0002:00000b38 00000008H .rtc$TZZ                DATA
 0002:00000b40 00000628H .xdata                  DATA
 0002:00001168 00000078H .idata$2                DATA
 0002:000011e0 00000014H .idata$3                DATA
 0002:000011f8 00000410H .idata$4                DATA
 0002:00001608 00000b0cH .idata$6                DATA
 0002:00002120 00000058H .edata                  DATA
 0003:00000000 000015a8H .data                   DATA
 0003:000015b0 00000698H .bss                    DATA
 0004:00000000 0000075cH .pdata                  DATA

  Address         Publics by Value              Rva+Base               Lib:Object

 0000:00000000       ___safe_se_handler_table   0000000000000000     <absolute>
 0000:00000000       ___safe_se_handler_count   0000000000000000     <absolute>
 0000:00000000       __ImageBase                0000000180000000     <linker-defined>
 0001:00000000       Lab1BrunoLuiz_initializer  0000000180001000 f   Lab1BrunoLuiz_sfun.obj
 0001:00000010       Lab1BrunoLuiz_terminator   0000000180001010 f   Lab1BrunoLuiz_sfun.obj
 0001:00000020       sf_Lab1BrunoLuiz_method_dispatcher 0000000180001020 f   Lab1BrunoLuiz_sfun.obj
 0001:00000070       sf_Lab1BrunoLuiz_process_testpoint_info_call 0000000180001070 f   Lab1BrunoLuiz_sfun.obj
 0001:000001d0       sf_Lab1BrunoLuiz_process_check_sum_call 00000001800011d0 f   Lab1BrunoLuiz_sfun.obj
 0001:000005e0       sf_Lab1BrunoLuiz_autoinheritance_info 00000001800015e0 f   Lab1BrunoLuiz_sfun.obj
 0001:00000750       sf_Lab1BrunoLuiz_get_eml_resolved_functions_info 0000000180001750 f   Lab1BrunoLuiz_sfun.obj
 0001:00000880       sf_Lab1BrunoLuiz_third_party_uses_info 0000000180001880 f   Lab1BrunoLuiz_sfun.obj
 0001:000009d0       sf_Lab1BrunoLuiz_updateBuildInfo_args_info 00000001800019d0 f   Lab1BrunoLuiz_sfun.obj
 0001:00000b20       Lab1BrunoLuiz_debug_initialize 0000000180001b20 f   Lab1BrunoLuiz_sfun.obj
 0001:00000ba0       Lab1BrunoLuiz_register_exported_symbols 0000000180001ba0 f   Lab1BrunoLuiz_sfun.obj
 0001:00000bb0       load_Lab1BrunoLuiz_optimization_info 0000000180001bb0 f   Lab1BrunoLuiz_sfun.obj
 0001:00000c00       unload_Lab1BrunoLuiz_optimization_info 0000000180001c00 f   Lab1BrunoLuiz_sfun.obj
 0001:00000c30       sf_c2_Lab1BrunoLuiz_get_eml_resolved_functions_info 0000000180001c30 f   c2_Lab1BrunoLuiz.obj
 0001:00000cb0       sf_c2_Lab1BrunoLuiz_get_check_sum 0000000180001cb0 f   c2_Lab1BrunoLuiz.obj
 0001:00000d30       sf_c2_Lab1BrunoLuiz_get_autoinheritance_info 0000000180001d30 f   c2_Lab1BrunoLuiz.obj
 0001:000012a0       sf_c2_Lab1BrunoLuiz_third_party_uses_info 00000001800022a0 f   c2_Lab1BrunoLuiz.obj
 0001:000012d0       sf_c2_Lab1BrunoLuiz_updateBuildInfo_args_info 00000001800022d0 f   c2_Lab1BrunoLuiz.obj
 0001:00001300       sf_internal_get_sim_state_c2_Lab1BrunoLuiz 0000000180002300 f   c2_Lab1BrunoLuiz.obj
 0001:00001660       sf_internal_set_sim_state_c2_Lab1BrunoLuiz 0000000180002660 f   c2_Lab1BrunoLuiz.obj
 0001:00001a50       c2_Lab1BrunoLuiz_method_dispatcher 0000000180002a50 f   c2_Lab1BrunoLuiz.obj
 0001:00005510       sf_process_check_sum_call  0000000180006510 f   Lab1BrunoLuiz_sfun_registry.obj
 0001:00005560       sf_process_testpoint_info_call 0000000180006560 f   Lab1BrunoLuiz_sfun_registry.obj
 0001:000055b0       sf_process_autoinheritance_call 00000001800065b0 f   Lab1BrunoLuiz_sfun_registry.obj
 0001:00005750       sf_process_get_third_party_uses_info_call 0000000180006750 f   Lab1BrunoLuiz_sfun_registry.obj
 0001:000058f0       sf_process_get_updateBuildInfo_args_info_call 00000001800068f0 f   Lab1BrunoLuiz_sfun_registry.obj
 0001:00005a90       sf_process_get_eml_resolved_functions_info_call 0000000180006a90 f   Lab1BrunoLuiz_sfun_registry.obj
 0001:00005c10       sf_mex_unlock_call         0000000180006c10 f   Lab1BrunoLuiz_sfun_registry.obj
 0001:00005cc0       sf_machine_global_initializer_called 0000000180006cc0 f   Lab1BrunoLuiz_sfun_registry.obj
 0001:00005cf0       sf_machine_global_method_dispatcher 0000000180006cf0 f   Lab1BrunoLuiz_sfun_registry.obj
 0001:00005d50       sf_machine_global_terminator 0000000180006d50 f   Lab1BrunoLuiz_sfun_registry.obj
 0001:00005da0       sf_register_machine_exported_symbols 0000000180006da0 f   Lab1BrunoLuiz_sfun_registry.obj
 0001:00005dc0       callCustomFcn              0000000180006dc0 f   Lab1BrunoLuiz_sfun_registry.obj
 0001:00005dd0       sf_machine_global_initializer 0000000180006dd0 f   Lab1BrunoLuiz_sfun_registry.obj
 0001:00005e50       mdlGetSimState             0000000180006e50 f   Lab1BrunoLuiz_sfun_registry.obj
 0001:00005ed0       mdlSetSimState             0000000180006ed0 f   Lab1BrunoLuiz_sfun_registry.obj
 0001:00005f10       _ssSetStateAbsTol          0000000180006f10 f   Lab1BrunoLuiz_sfun_registry.obj
 0001:00005ff0       _ssGetAbsTol               0000000180006ff0 f   Lab1BrunoLuiz_sfun_registry.obj
 0001:00006060       _ssSetInputPortMatrixDimensions 0000000180007060 f   Lab1BrunoLuiz_sfun_registry.obj
 0001:00006170       _ssSetOutputPortMatrixDimensions 0000000180007170 f   Lab1BrunoLuiz_sfun_registry.obj
 0001:00006280       _ssSetInputPortVectorDimension 0000000180007280 f   Lab1BrunoLuiz_sfun_registry.obj
 0001:00006350       _ssSetOutputPortVectorDimension 0000000180007350 f   Lab1BrunoLuiz_sfun_registry.obj
 0001:00006420       ssIsRunTimeParamTunable    0000000180007420 f   Lab1BrunoLuiz_sfun_registry.obj
 0001:00006490       ssGetSFuncBlockHandle      0000000180007490 f   Lab1BrunoLuiz_sfun_registry.obj
 0001:00006500       _ssGetCurrentInputPortWidth 0000000180007500 f   Lab1BrunoLuiz_sfun_registry.obj
 0001:00006620       _ssGetCurrentOutputPortWidth 0000000180007620 f   Lab1BrunoLuiz_sfun_registry.obj
 0001:00006740       _ssGetCallSystemNumFcnCallDestinations 0000000180007740 f   Lab1BrunoLuiz_sfun_registry.obj
 0001:000067b0       ssWarning                  00000001800077b0 f   Lab1BrunoLuiz_sfun_registry.obj
 0001:000068c0       ssGetIsZeroCrossControlDisabled 00000001800078c0 f   Lab1BrunoLuiz_sfun_registry.obj
 0001:00006930       ssSetIsInputPortUsedForContZcSignal 0000000180007930 f   Lab1BrunoLuiz_sfun_registry.obj
 0001:000069a0       ssSetZcSignalIsZcElementDisc 00000001800079a0 f   Lab1BrunoLuiz_sfun_registry.obj
 0001:00006a50       ssSetZcSignalName          0000000180007a50 f   Lab1BrunoLuiz_sfun_registry.obj
 0001:00006ac0       ssSetZcSignalWidth         0000000180007ac0 f   Lab1BrunoLuiz_sfun_registry.obj
 0001:00006b30       ssSetZcSignalZcEventType   0000000180007b30 f   Lab1BrunoLuiz_sfun_registry.obj
 0001:00006ba0       ssSetZcSignalType          0000000180007ba0 f   Lab1BrunoLuiz_sfun_registry.obj
 0001:00006c10       ssSetZcSignalZcTol         0000000180007c10 f   Lab1BrunoLuiz_sfun_registry.obj
 0001:00006c80       ssSetZcSignalNeedsEventNotification 0000000180007c80 f   Lab1BrunoLuiz_sfun_registry.obj
 0001:00006cf0       ssCreateAndAddZcSignalInfo 0000000180007cf0 f   Lab1BrunoLuiz_sfun_registry.obj
 0001:00006d60       ssCloneAndAddZcSignalInfo  0000000180007d60 f   Lab1BrunoLuiz_sfun_registry.obj
 0001:00006dd0       ssGetNumZcSignals          0000000180007dd0 f   Lab1BrunoLuiz_sfun_registry.obj
 0001:00006e40       ssGetZcSignalVector        0000000180007e40 f   Lab1BrunoLuiz_sfun_registry.obj
 0001:00006eb0       ssGetZcSignalZcEvents      0000000180007eb0 f   Lab1BrunoLuiz_sfun_registry.obj
 0001:00006f20       ssGetZcSignalName          0000000180007f20 f   Lab1BrunoLuiz_sfun_registry.obj
 0001:00006f90       ssGetZcSignalWidth         0000000180007f90 f   Lab1BrunoLuiz_sfun_registry.obj
 0001:00007000       ssGetZcSignalZcEventType   0000000180008000 f   Lab1BrunoLuiz_sfun_registry.obj
 0001:00007070       ssGetZcSignalType          0000000180008070 f   Lab1BrunoLuiz_sfun_registry.obj
 0001:000070e0       ssGetZcSignalZcTol         00000001800080e0 f   Lab1BrunoLuiz_sfun_registry.obj
 0001:00007160       ssGetZcSignalNeedsEventNotification 0000000180008160 f   Lab1BrunoLuiz_sfun_registry.obj
 0001:000071d0       ssGetZcSignalIsZcElementDisc 00000001800081d0 f   Lab1BrunoLuiz_sfun_registry.obj
 0001:00007270       ssGetIsInputPortElementContinuous 0000000180008270 f   Lab1BrunoLuiz_sfun_registry.obj
 0001:00007310       _ssGetInputPortSignalPtrsFcn 0000000180008310 f   Lab1BrunoLuiz_sfun_registry.obj
 0001:000075d0       _ssGetInputPortSignalFcn   00000001800085d0 f   Lab1BrunoLuiz_sfun_registry.obj
 0001:000077f0       _ssSetInputPortDirectFeedThroughFcn 00000001800087f0 f   Lab1BrunoLuiz_sfun_registry.obj
 0001:00007950       _ssSetInputPortReusableFcn 0000000180008950 f   Lab1BrunoLuiz_sfun_registry.obj
 0001:00007a40       _ssSetOutputPortReusableFcn 0000000180008a40 f   Lab1BrunoLuiz_sfun_registry.obj
 0001:00007b20       ssGetDTypeIdFromMxArray    0000000180008b20 f   Lab1BrunoLuiz_sfun_registry.obj
 0001:00007c40       ssWriteRTWStr              0000000180008c40 f   Lab1BrunoLuiz_sfun_registry.obj
 0001:00007ca0       ssWriteRTWMxVectParam      0000000180008ca0 f   Lab1BrunoLuiz_sfun_registry.obj
 0001:00007d00       ssWriteRTWMx2dMatParam     0000000180008d00 f   Lab1BrunoLuiz_sfun_registry.obj
 0001:00007d80       ssWriteRTWNameValuePair    0000000180008d80 f   Lab1BrunoLuiz_sfun_registry.obj
 0001:00008270       ssWriteRTWParameters       0000000180009270 f   Lab1BrunoLuiz_sfun_registry.obj
 0001:00008870       ssWriteRTWParamSettings    0000000180009870 f   Lab1BrunoLuiz_sfun_registry.obj
 0001:00008f40       ssWriteRTWWorkVect         0000000180009f40 f   Lab1BrunoLuiz_sfun_registry.obj
 0001:00009440       mexFunction                000000018000a440 f   Lab1BrunoLuiz_sfun_registry.obj
 0001:0000b8f0       ProcessMexSfunctionEveryCall 000000018000c8f0 f   Lab1BrunoLuiz_sfun_registry.obj
 0001:0000ba72       sf_debug_set_machine_data_thresholds 000000018000ca72 f   sf_runtime:sf_runtime.dll
 0001:0000ba78       sf_debug_set_machine_event_thresholds 000000018000ca78 f   sf_runtime:sf_runtime.dll
 0001:0000ba7e       sf_debug_initialize_machine 000000018000ca7e f   sf_runtime:sf_runtime.dll
 0001:0000ba84       sf_load_rtw_optimization_info 000000018000ca84 f   sf_runtime:sf_runtime.dll
 0001:0000ba8a       sf_mex_assign              000000018000ca8a f   sf_runtime:sf_runtime.dll
 0001:0000ba90       sf_mex_create              000000018000ca90 f   sf_runtime:sf_runtime.dll
 0001:0000ba96       sf_mex_error_message       000000018000ca96 f   sf_runtime:sf_runtime.dll
 0001:0000ba9c       sf_mex_call_matlab         000000018000ca9c f   sf_runtime:sf_runtime.dll
 0001:0000baa2       sf_mex_setcell             000000018000caa2 f   sf_runtime:sf_runtime.dll
 0001:0000baa8       sf_mex_createcellmatrix    000000018000caa8 f   sf_runtime:sf_runtime.dll
 0001:0000baae       sf_mex_decode_encoded_mx_struct_array 000000018000caae f   sf_runtime:sf_runtime.dll
 0001:0000bab4       sf_mex_destroy             000000018000cab4 f   sf_runtime:sf_runtime.dll
 0001:0000baba       sf_mex_getcell             000000018000caba f   sf_runtime:sf_runtime.dll
 0001:0000bac0       sf_mex_dup                 000000018000cac0 f   sf_runtime:sf_runtime.dll
 0001:0000bac6       sf_mex_import              000000018000cac6 f   sf_runtime:sf_runtime.dll
 0001:0000bacc       sf_set_rtw_dwork_info      000000018000cacc f   sf_runtime:sf_runtime.dll
 0001:0000bad2       sf_mark_chart_reusable_outputs 000000018000cad2 f   sf_runtime:sf_runtime.dll
 0001:0000bad8       sf_mark_chart_expressionable_inputs 000000018000cad8 f   sf_runtime:sf_runtime.dll
 0001:0000bade       sf_update_buildInfo        000000018000cade f   sf_runtime:sf_runtime.dll
 0001:0000bae4       sf_rtw_info_uint_prop      000000018000cae4 f   sf_runtime:sf_runtime.dll
 0001:0000baea       sf_is_chart_inlinable      000000018000caea f   sf_runtime:sf_runtime.dll
 0001:0000baf0       sim_mode_is_external       000000018000caf0 f   sf_runtime:sf_runtime.dll
 0001:0000baf6       sim_mode_is_rtw_gen        000000018000caf6 f   sf_runtime:sf_runtime.dll
 0001:0000bafc       sf_debug_reset_current_state_configuration 000000018000cafc f   sf_runtime:sf_runtime.dll
 0001:0000bb02       sf_debug_set_instance_data_value_ptr 000000018000cb02 f   sf_runtime:sf_runtime.dll
 0001:0000bb08       sf_debug_set_chart_data_compiled_props 000000018000cb08 f   sf_runtime:sf_runtime.dll
 0001:0000bb0e       cv_eml_init_mcdc           000000018000cb0e f   sf_runtime:sf_runtime.dll
 0001:0000bb14       cv_eml_init_if             000000018000cb14 f   sf_runtime:sf_runtime.dll
 0001:0000bb1a       cv_eml_init_fcn            000000018000cb1a f   sf_runtime:sf_runtime.dll
 0001:0000bb20       cv_eml_init_script         000000018000cb20 f   sf_runtime:sf_runtime.dll
 0001:0000bb26       sf_debug_cv_init_trans     000000018000cb26 f   sf_runtime:sf_runtime.dll
 0001:0000bb2c       sf_debug_cv_init_state     000000018000cb2c f   sf_runtime:sf_runtime.dll
 0001:0000bb32       sf_debug_cv_init_chart     000000018000cb32 f   sf_runtime:sf_runtime.dll
 0001:0000bb38       sf_debug_set_chart_decomposition 000000018000cb38 f   sf_runtime:sf_runtime.dll
 0001:0000bb3e       sf_debug_set_chart_substate_count 000000018000cb3e f   sf_runtime:sf_runtime.dll
 0001:0000bb44       sf_debug_set_chart_state_info 000000018000cb44 f   sf_runtime:sf_runtime.dll
 0001:0000bb4a       sf_debug_set_chart_data_props 000000018000cb4a f   sf_runtime:sf_runtime.dll
 0001:0000bb50       sf_debug_set_chart_event_thresholds 000000018000cb50 f   sf_runtime:sf_runtime.dll
 0001:0000bb56       sf_debug_set_chart_disable_implicit_casting 000000018000cb56 f   sf_runtime:sf_runtime.dll
 0001:0000bb5c       sf_debug_initialize_chart  000000018000cb5c f   sf_runtime:sf_runtime.dll
 0001:0000bb62       sf_get_time                000000018000cb62 f   sf_runtime:sf_runtime.dll
 0001:0000bb68       sf_debug_check_for_state_inconsistency 000000018000cb68 f   sf_runtime:sf_runtime.dll
 0001:0000bb6e       sf_debug_symbol_scope_pop  000000018000cb6e f   sf_runtime:sf_runtime.dll
 0001:0000bb74       eml_debug_line_call        000000018000cb74 f   sf_runtime:sf_runtime.dll
 0001:0000bb7a       cv_eml_eval                000000018000cb7a f   sf_runtime:sf_runtime.dll
 0001:0000bb80       sf_debug_symbol_scope_add_eml 000000018000cb80 f   sf_runtime:sf_runtime.dll
 0001:0000bb86       sf_debug_symbol_scope_add_eml_importable 000000018000cb86 f   sf_runtime:sf_runtime.dll
 0001:0000bb8c       sf_debug_symbol_scope_push_eml 000000018000cb8c f   sf_runtime:sf_runtime.dll
 0001:0000bb92       sf_debug_data_range_wrapper 000000018000cb92 f   sf_runtime:sf_runtime.dll
 0001:0000bb98       sf_debug_call              000000018000cb98 f   sf_runtime:sf_runtime.dll
 0001:0000bb9e       sf_debug_symbol_scope_push 000000018000cb9e f   sf_runtime:sf_runtime.dll
 0001:0000bba4       sf_clear_rtw_identifier    000000018000cba4 f   sf_runtime:sf_runtime.dll
 0001:0000bbaa       sf_debug_terminate         000000018000cbaa f   sf_runtime:sf_runtime.dll
 0001:0000bbb0       sf_debug_create_debug_instance_struct 000000018000cbb0 f   sf_runtime:sf_runtime.dll
 0001:0000bbb6       sf_debug_api               000000018000cbb6 f   sf_runtime:sf_runtime.dll
 0001:0000bbbc       callMdlMethodAndReportError 000000018000cbbc f   sf_runtime:sf_runtime.dll
 0001:0000bbc2       call_sf_machine_global_method_dispatcher 000000018000cbc2 f   sf_runtime:sf_runtime.dll
 0001:0000bbc8       sf_clear_error_manager_info 000000018000cbc8 f   sf_runtime:sf_runtime.dll
 0001:0000bbce       sf_mex_error_direct_call   000000018000cbce f   sf_runtime:sf_runtime.dll
 0001:0000bbd4       mxCreateDoubleMatrix_730   000000018000cbd4 f   libmx:libmx.dll
 0001:0000bbda       mxGetScalar                000000018000cbda f   libmx:libmx.dll
 0001:0000bbe0       mxGetString_730            000000018000cbe0 f   libmx:libmx.dll
 0001:0000bbe6       mxIsChar                   000000018000cbe6 f   libmx:libmx.dll
 0001:0000bbec       mxGetPr                    000000018000cbec f   libmx:libmx.dll
 0001:0000bbf2       mxDestroyArray             000000018000cbf2 f   libmx:libmx.dll
 0001:0000bbf8       mxDuplicateArray           000000018000cbf8 f   libmx:libmx.dll
 0001:0000bbfe       mxCreateDoubleScalar       000000018000cbfe f   libmx:libmx.dll
 0001:0000bc04       mxSetField_730             000000018000cc04 f   libmx:libmx.dll
 0001:0000bc0a       mxCreateString             000000018000cc0a f   libmx:libmx.dll
 0001:0000bc10       mxCreateStructMatrix_730   000000018000cc10 f   libmx:libmx.dll
 0001:0000bc16       mxCreateCellMatrix_730     000000018000cc16 f   libmx:libmx.dll
 0001:0000bc1c       mxGetClassID               000000018000cc1c f   libmx:libmx.dll
 0001:0000bc22       mxIsNumeric                000000018000cc22 f   libmx:libmx.dll
 0001:0000bc28       mxIsComplex                000000018000cc28 f   libmx:libmx.dll
 0001:0000bc2e       mxGetN                     000000018000cc2e f   libmx:libmx.dll
 0001:0000bc34       mxGetM                     000000018000cc34 f   libmx:libmx.dll
 0001:0000bc3a       mxCalloc                   000000018000cc3a f   libmx:libmx.dll
 0001:0000bc40       mexMakeArrayPersistent     000000018000cc40 f   libmex:libmex.dll
 0001:0000bc46       mexUnlock                  000000018000cc46 f   libmex:libmex.dll
 0001:0000bc4c       mexIsLocked                000000018000cc4c f   libmex:libmex.dll
 0001:0000bc52       mexWarnMsgTxt              000000018000cc52 f   libmex:libmex.dll
 0001:0000bc58       mexCallMATLAB              000000018000cc58 f   libmex:libmex.dll
 0001:0000bc5e       mexErrMsgTxt               000000018000cc5e f   libmex:libmex.dll
 0001:0000bc64       mexLock                    000000018000cc64 f   libmex:libmex.dll
 0001:0000bc6a       utMalloc                   000000018000cc6a f   libut:libut.dll
 0001:0000bc70       utFree                     000000018000cc70 f   libut:libut.dll
 0001:0000bc78       __GSHandlerCheckCommon     000000018000cc78 f   MSVCRT:gshandler.obj
 0001:0000bcdc       __GSHandlerCheck           000000018000ccdc f   MSVCRT:gshandler.obj
 0001:0000bcfa       strcmp                     000000018000ccfa f   MSVCRT:MSVCR100.dll
 0001:0000bd10       __security_check_cookie    000000018000cd10 f   MSVCRT:amdsecgs.obj
 0001:0000bd30       memset                     000000018000cd30 f   MSVCRT:MSVCR100.dll
 0001:0000bd36       free                       000000018000cd36 f   MSVCRT:MSVCR100.dll
 0001:0000bd3c       sprintf                    000000018000cd3c f   MSVCRT:MSVCR100.dll
 0001:0000bd42       malloc                     000000018000cd42 f   MSVCRT:MSVCR100.dll
 0001:0000bd48       strlen                     000000018000cd48 f   MSVCRT:MSVCR100.dll
 0001:0000bd4e       strcat                     000000018000cd4e f   MSVCRT:MSVCR100.dll
 0001:0000bd54       memcpy                     000000018000cd54 f   MSVCRT:MSVCR100.dll
 0001:0000bd5c       NtCurrentTeb               000000018000cd5c f i MSVCRT:crtdll.obj
 0001:0000bdc8       _CRT_INIT                  000000018000cdc8 f   MSVCRT:crtdll.obj
 0001:0000c160       _DllMainCRTStartup         000000018000d160 f   MSVCRT:crtdll.obj
 0001:0000c1a0       __report_gsfailure         000000018000d1a0 f   MSVCRT:gs_report.obj
 0001:0000c2ec       __clean_type_info_names    000000018000d2ec f   MSVCRT:tncleanup.obj
 0001:0000c2f8       _onexit                    000000018000d2f8 f   MSVCRT:atonexit.obj
 0001:0000c3a8       atexit                     000000018000d3a8 f   MSVCRT:atonexit.obj
 0001:0000c3c0       _RTC_Initialize            000000018000d3c0 f   MSVCRT:_initsect_.obj
 0001:0000c3f8       _RTC_Terminate             000000018000d3f8 f   MSVCRT:_initsect_.obj
 0001:0000c430       _malloc_crt                000000018000d430 f   MSVCRT:MSVCR100.dll
 0001:0000c440       _ValidateImageBase         000000018000d440 f   MSVCRT:pesect.obj
 0001:0000c470       _FindPESection             000000018000d470 f   MSVCRT:pesect.obj
 0001:0000c4c0       _IsNonwritableInCurrentImage 000000018000d4c0 f   MSVCRT:pesect.obj
 0001:0000c502       _initterm                  000000018000d502 f   MSVCRT:MSVCR100.dll
 0001:0000c508       _initterm_e                000000018000d508 f   MSVCRT:MSVCR100.dll
 0001:0000c50e       _encoded_null              000000018000d50e f   MSVCRT:MSVCR100.dll
 0001:0000c514       _amsg_exit                 000000018000d514 f   MSVCRT:MSVCR100.dll
 0001:0000c51a       __C_specific_handler       000000018000d51a f   MSVCRT:MSVCR100.dll
 0001:0000c520       __CppXcptFilter            000000018000d520 f   MSVCRT:MSVCR100.dll
 0001:0000c528       DllMain                    000000018000d528 f   MSVCRT:dllmain.obj
 0001:0000c54c       __security_init_cookie     000000018000d54c f   MSVCRT:gs_support.obj
 0001:0000c600       __crt_debugger_hook        000000018000d600 f   MSVCRT:MSVCR100.dll
 0001:0000c606       __clean_type_info_names_internal 000000018000d606 f   MSVCRT:MSVCR100.dll
 0001:0000c60c       _unlock                    000000018000d60c f   MSVCRT:MSVCR100.dll
 0001:0000c612       __dllonexit                000000018000d612 f   MSVCRT:MSVCR100.dll
 0001:0000c618       _lock                      000000018000d618 f   MSVCRT:MSVCR100.dll
 0001:0000c61e       EncodePointer              000000018000d61e f   kernel32:KERNEL32.dll
 0001:0000c624       DecodePointer              000000018000d624 f   kernel32:KERNEL32.dll
 0001:0000c62a       Sleep                      000000018000d62a f   kernel32:KERNEL32.dll
 0001:0000c630       TerminateProcess           000000018000d630 f   kernel32:KERNEL32.dll
 0001:0000c636       GetCurrentProcess          000000018000d636 f   kernel32:KERNEL32.dll
 0001:0000c63c       UnhandledExceptionFilter   000000018000d63c f   kernel32:KERNEL32.dll
 0001:0000c642       SetUnhandledExceptionFilter 000000018000d642 f   kernel32:KERNEL32.dll
 0001:0000c648       IsDebuggerPresent          000000018000d648 f   kernel32:KERNEL32.dll
 0001:0000c64e       RtlVirtualUnwind           000000018000d64e f   kernel32:KERNEL32.dll
 0001:0000c654       RtlLookupFunctionEntry     000000018000d654 f   kernel32:KERNEL32.dll
 0001:0000c65a       RtlCaptureContext          000000018000d65a f   kernel32:KERNEL32.dll
 0001:0000c660       DisableThreadLibraryCalls  000000018000d660 f   kernel32:KERNEL32.dll
 0001:0000c666       QueryPerformanceCounter    000000018000d666 f   kernel32:KERNEL32.dll
 0001:0000c66c       GetTickCount               000000018000d66c f   kernel32:KERNEL32.dll
 0001:0000c672       GetCurrentThreadId         000000018000d672 f   kernel32:KERNEL32.dll
 0001:0000c678       GetCurrentProcessId        000000018000d678 f   kernel32:KERNEL32.dll
 0001:0000c67e       GetSystemTimeAsFileTime    000000018000d67e f   kernel32:KERNEL32.dll
 0002:00000000       __imp_GetSystemTimeAsFileTime 000000018000e000     kernel32:KERNEL32.dll
 0002:00000008       __imp_GetCurrentProcessId  000000018000e008     kernel32:KERNEL32.dll
 0002:00000010       __imp_GetCurrentThreadId   000000018000e010     kernel32:KERNEL32.dll
 0002:00000018       __imp_GetTickCount         000000018000e018     kernel32:KERNEL32.dll
 0002:00000020       __imp_QueryPerformanceCounter 000000018000e020     kernel32:KERNEL32.dll
 0002:00000028       __imp_DisableThreadLibraryCalls 000000018000e028     kernel32:KERNEL32.dll
 0002:00000030       __imp_RtlCaptureContext    000000018000e030     kernel32:KERNEL32.dll
 0002:00000038       __imp_RtlLookupFunctionEntry 000000018000e038     kernel32:KERNEL32.dll
 0002:00000040       __imp_RtlVirtualUnwind     000000018000e040     kernel32:KERNEL32.dll
 0002:00000048       __imp_IsDebuggerPresent    000000018000e048     kernel32:KERNEL32.dll
 0002:00000050       __imp_SetUnhandledExceptionFilter 000000018000e050     kernel32:KERNEL32.dll
 0002:00000058       __imp_UnhandledExceptionFilter 000000018000e058     kernel32:KERNEL32.dll
 0002:00000060       __imp_GetCurrentProcess    000000018000e060     kernel32:KERNEL32.dll
 0002:00000068       __imp_TerminateProcess     000000018000e068     kernel32:KERNEL32.dll
 0002:00000070       __imp_Sleep                000000018000e070     kernel32:KERNEL32.dll
 0002:00000078       __imp_DecodePointer        000000018000e078     kernel32:KERNEL32.dll
 0002:00000080       __imp_EncodePointer        000000018000e080     kernel32:KERNEL32.dll
 0002:00000088       \177KERNEL32_NULL_THUNK_DATA 000000018000e088     kernel32:KERNEL32.dll
 0002:00000090       __imp__onexit              000000018000e090     MSVCRT:MSVCR100.dll
 0002:00000098       __imp__lock                000000018000e098     MSVCRT:MSVCR100.dll
 0002:000000a0       __imp___dllonexit          000000018000e0a0     MSVCRT:MSVCR100.dll
 0002:000000a8       __imp__unlock              000000018000e0a8     MSVCRT:MSVCR100.dll
 0002:000000b0       __imp___clean_type_info_names_internal 000000018000e0b0     MSVCRT:MSVCR100.dll
 0002:000000b8       __imp___crt_debugger_hook  000000018000e0b8     MSVCRT:MSVCR100.dll
 0002:000000c0       __imp___CppXcptFilter      000000018000e0c0     MSVCRT:MSVCR100.dll
 0002:000000c8       __imp___C_specific_handler 000000018000e0c8     MSVCRT:MSVCR100.dll
 0002:000000d0       __imp__amsg_exit           000000018000e0d0     MSVCRT:MSVCR100.dll
 0002:000000d8       __imp__encoded_null        000000018000e0d8     MSVCRT:MSVCR100.dll
 0002:000000e0       __imp__initterm_e          000000018000e0e0     MSVCRT:MSVCR100.dll
 0002:000000e8       __imp__initterm            000000018000e0e8     MSVCRT:MSVCR100.dll
 0002:000000f0       __imp__malloc_crt          000000018000e0f0     MSVCRT:MSVCR100.dll
 0002:000000f8       __imp_memcpy               000000018000e0f8     MSVCRT:MSVCR100.dll
 0002:00000100       __imp_strcat               000000018000e100     MSVCRT:MSVCR100.dll
 0002:00000108       __imp_strlen               000000018000e108     MSVCRT:MSVCR100.dll
 0002:00000110       __imp_malloc               000000018000e110     MSVCRT:MSVCR100.dll
 0002:00000118       __imp_sprintf              000000018000e118     MSVCRT:MSVCR100.dll
 0002:00000120       __imp_free                 000000018000e120     MSVCRT:MSVCR100.dll
 0002:00000128       __imp_memset               000000018000e128     MSVCRT:MSVCR100.dll
 0002:00000130       __imp_strcmp               000000018000e130     MSVCRT:MSVCR100.dll
 0002:00000138       \177MSVCR100_NULL_THUNK_DATA 000000018000e138     MSVCRT:MSVCR100.dll
 0002:00000140       __imp_mexLock              000000018000e140     libmex:libmex.dll
 0002:00000148       __imp_mexErrMsgTxt         000000018000e148     libmex:libmex.dll
 0002:00000150       __imp_mexCallMATLAB        000000018000e150     libmex:libmex.dll
 0002:00000158       __imp_mexWarnMsgTxt        000000018000e158     libmex:libmex.dll
 0002:00000160       __imp_mexIsLocked          000000018000e160     libmex:libmex.dll
 0002:00000168       __imp_mexUnlock            000000018000e168     libmex:libmex.dll
 0002:00000170       __imp_mexMakeArrayPersistent 000000018000e170     libmex:libmex.dll
 0002:00000178       \177libmex_NULL_THUNK_DATA 000000018000e178     libmex:libmex.dll
 0002:00000180       __imp_mxCalloc             000000018000e180     libmx:libmx.dll
 0002:00000188       __imp_mxGetM               000000018000e188     libmx:libmx.dll
 0002:00000190       __imp_mxGetN               000000018000e190     libmx:libmx.dll
 0002:00000198       __imp_mxIsComplex          000000018000e198     libmx:libmx.dll
 0002:000001a0       __imp_mxIsNumeric          000000018000e1a0     libmx:libmx.dll
 0002:000001a8       __imp_mxGetClassID         000000018000e1a8     libmx:libmx.dll
 0002:000001b0       __imp_mxCreateCellMatrix_730 000000018000e1b0     libmx:libmx.dll
 0002:000001b8       __imp_mxCreateStructMatrix_730 000000018000e1b8     libmx:libmx.dll
 0002:000001c0       __imp_mxCreateString       000000018000e1c0     libmx:libmx.dll
 0002:000001c8       __imp_mxSetField_730       000000018000e1c8     libmx:libmx.dll
 0002:000001d0       __imp_mxCreateDoubleScalar 000000018000e1d0     libmx:libmx.dll
 0002:000001d8       __imp_mxCreateDoubleMatrix_730 000000018000e1d8     libmx:libmx.dll
 0002:000001e0       __imp_mxGetScalar          000000018000e1e0     libmx:libmx.dll
 0002:000001e8       __imp_mxGetString_730      000000018000e1e8     libmx:libmx.dll
 0002:000001f0       __imp_mxIsChar             000000018000e1f0     libmx:libmx.dll
 0002:000001f8       __imp_mxGetPr              000000018000e1f8     libmx:libmx.dll
 0002:00000200       __imp_mxDestroyArray       000000018000e200     libmx:libmx.dll
 0002:00000208       __imp_mxDuplicateArray     000000018000e208     libmx:libmx.dll
 0002:00000210       \177libmx_NULL_THUNK_DATA  000000018000e210     libmx:libmx.dll
 0002:00000218       __imp_utMalloc             000000018000e218     libut:libut.dll
 0002:00000220       __imp_utFree               000000018000e220     libut:libut.dll
 0002:00000228       \177libut_NULL_THUNK_DATA  000000018000e228     libut:libut.dll
 0002:00000230       __imp_call_sf_machine_global_method_dispatcher 000000018000e230     sf_runtime:sf_runtime.dll
 0002:00000238       __imp_callMdlMethodAndReportError 000000018000e238     sf_runtime:sf_runtime.dll
 0002:00000240       __imp_sf_debug_api         000000018000e240     sf_runtime:sf_runtime.dll
 0002:00000248       __imp_sf_debug_create_debug_instance_struct 000000018000e248     sf_runtime:sf_runtime.dll
 0002:00000250       __imp_sf_debug_terminate   000000018000e250     sf_runtime:sf_runtime.dll
 0002:00000258       __imp_sf_clear_rtw_identifier 000000018000e258     sf_runtime:sf_runtime.dll
 0002:00000260       __imp_sf_debug_symbol_scope_push 000000018000e260     sf_runtime:sf_runtime.dll
 0002:00000268       __imp_sf_debug_call        000000018000e268     sf_runtime:sf_runtime.dll
 0002:00000270       __imp_sf_clear_error_manager_info 000000018000e270     sf_runtime:sf_runtime.dll
 0002:00000278       __imp_sf_debug_symbol_scope_push_eml 000000018000e278     sf_runtime:sf_runtime.dll
 0002:00000280       __imp_sf_debug_symbol_scope_add_eml_importable 000000018000e280     sf_runtime:sf_runtime.dll
 0002:00000288       __imp_sf_debug_symbol_scope_add_eml 000000018000e288     sf_runtime:sf_runtime.dll
 0002:00000290       __imp_cv_eml_eval          000000018000e290     sf_runtime:sf_runtime.dll
 0002:00000298       __imp_eml_debug_line_call  000000018000e298     sf_runtime:sf_runtime.dll
 0002:000002a0       __imp_sf_debug_symbol_scope_pop 000000018000e2a0     sf_runtime:sf_runtime.dll
 0002:000002a8       __imp_sf_debug_check_for_state_inconsistency 000000018000e2a8     sf_runtime:sf_runtime.dll
 0002:000002b0       __imp_sf_get_time          000000018000e2b0     sf_runtime:sf_runtime.dll
 0002:000002b8       __imp_sf_mex_error_direct_call 000000018000e2b8     sf_runtime:sf_runtime.dll
 0002:000002c0       __imp_sf_debug_data_range_wrapper 000000018000e2c0     sf_runtime:sf_runtime.dll
 0002:000002c8       __imp_sf_debug_initialize_chart 000000018000e2c8     sf_runtime:sf_runtime.dll
 0002:000002d0       __imp_sf_debug_set_chart_disable_implicit_casting 000000018000e2d0     sf_runtime:sf_runtime.dll
 0002:000002d8       __imp_sf_debug_set_chart_event_thresholds 000000018000e2d8     sf_runtime:sf_runtime.dll
 0002:000002e0       __imp_sf_debug_set_chart_data_props 000000018000e2e0     sf_runtime:sf_runtime.dll
 0002:000002e8       __imp_sf_debug_set_chart_state_info 000000018000e2e8     sf_runtime:sf_runtime.dll
 0002:000002f0       __imp_sf_debug_set_chart_substate_count 000000018000e2f0     sf_runtime:sf_runtime.dll
 0002:000002f8       __imp_sf_debug_set_chart_decomposition 000000018000e2f8     sf_runtime:sf_runtime.dll
 0002:00000300       __imp_sf_debug_cv_init_chart 000000018000e300     sf_runtime:sf_runtime.dll
 0002:00000308       __imp_sf_debug_cv_init_state 000000018000e308     sf_runtime:sf_runtime.dll
 0002:00000310       __imp_sf_debug_cv_init_trans 000000018000e310     sf_runtime:sf_runtime.dll
 0002:00000318       __imp_cv_eml_init_script   000000018000e318     sf_runtime:sf_runtime.dll
 0002:00000320       __imp_cv_eml_init_fcn      000000018000e320     sf_runtime:sf_runtime.dll
 0002:00000328       __imp_cv_eml_init_if       000000018000e328     sf_runtime:sf_runtime.dll
 0002:00000330       __imp_cv_eml_init_mcdc     000000018000e330     sf_runtime:sf_runtime.dll
 0002:00000338       __imp_sf_debug_set_chart_data_compiled_props 000000018000e338     sf_runtime:sf_runtime.dll
 0002:00000340       __imp_sf_debug_set_instance_data_value_ptr 000000018000e340     sf_runtime:sf_runtime.dll
 0002:00000348       __imp_sf_debug_reset_current_state_configuration 000000018000e348     sf_runtime:sf_runtime.dll
 0002:00000350       __imp_sim_mode_is_rtw_gen  000000018000e350     sf_runtime:sf_runtime.dll
 0002:00000358       __imp_sim_mode_is_external 000000018000e358     sf_runtime:sf_runtime.dll
 0002:00000360       __imp_sf_is_chart_inlinable 000000018000e360     sf_runtime:sf_runtime.dll
 0002:00000368       __imp_sf_rtw_info_uint_prop 000000018000e368     sf_runtime:sf_runtime.dll
 0002:00000370       __imp_sf_update_buildInfo  000000018000e370     sf_runtime:sf_runtime.dll
 0002:00000378       __imp_sf_mark_chart_expressionable_inputs 000000018000e378     sf_runtime:sf_runtime.dll
 0002:00000380       __imp_sf_mark_chart_reusable_outputs 000000018000e380     sf_runtime:sf_runtime.dll
 0002:00000388       __imp_sf_set_rtw_dwork_info 000000018000e388     sf_runtime:sf_runtime.dll
 0002:00000390       __imp_sf_mex_import        000000018000e390     sf_runtime:sf_runtime.dll
 0002:00000398       __imp_sf_mex_dup           000000018000e398     sf_runtime:sf_runtime.dll
 0002:000003a0       __imp_sf_mex_getcell       000000018000e3a0     sf_runtime:sf_runtime.dll
 0002:000003a8       __imp_sf_mex_destroy       000000018000e3a8     sf_runtime:sf_runtime.dll
 0002:000003b0       __imp_sf_mex_decode_encoded_mx_struct_array 000000018000e3b0     sf_runtime:sf_runtime.dll
 0002:000003b8       __imp_sf_mex_createcellmatrix 000000018000e3b8     sf_runtime:sf_runtime.dll
 0002:000003c0       __imp_sf_mex_setcell       000000018000e3c0     sf_runtime:sf_runtime.dll
 0002:000003c8       __imp_sf_mex_call_matlab   000000018000e3c8     sf_runtime:sf_runtime.dll
 0002:000003d0       __imp_sf_mex_error_message 000000018000e3d0     sf_runtime:sf_runtime.dll
 0002:000003d8       __imp_sf_mex_create        000000018000e3d8     sf_runtime:sf_runtime.dll
 0002:000003e0       __imp_sf_mex_assign        000000018000e3e0     sf_runtime:sf_runtime.dll
 0002:000003e8       __imp_sf_load_rtw_optimization_info 000000018000e3e8     sf_runtime:sf_runtime.dll
 0002:000003f0       __imp_sf_debug_initialize_machine 000000018000e3f0     sf_runtime:sf_runtime.dll
 0002:000003f8       __imp_sf_debug_set_machine_event_thresholds 000000018000e3f8     sf_runtime:sf_runtime.dll
 0002:00000400       __imp_sf_debug_set_machine_data_thresholds 000000018000e400     sf_runtime:sf_runtime.dll
 0002:00000408       \177sf_runtime_NULL_THUNK_DATA 000000018000e408     sf_runtime:sf_runtime.dll
 0002:00000410       __xc_a                     000000018000e410     MSVCRT:cinitexe.obj
 0002:00000418       __xc_z                     000000018000e418     MSVCRT:cinitexe.obj
 0002:00000420       __xi_a                     000000018000e420     MSVCRT:cinitexe.obj
 0002:00000430       __xi_z                     000000018000e430     MSVCRT:cinitexe.obj
 0002:00000440       __real@41c551698b800000    000000018000e440     Lab1BrunoLuiz_sfun.obj
 0002:00000448       __real@41d3cc1be2c00000    000000018000e448     Lab1BrunoLuiz_sfun.obj
 0002:00000450       __real@41e8255ae3800000    000000018000e450     Lab1BrunoLuiz_sfun.obj
 0002:00000458       __real@41e0328df8600000    000000018000e458     Lab1BrunoLuiz_sfun.obj
 0002:00000460       __real@41ad4b2baa000000    000000018000e460     Lab1BrunoLuiz_sfun.obj
 0002:00000468       __real@41e4f54984000000    000000018000e468     Lab1BrunoLuiz_sfun.obj
 0002:00000470       __real@41e2ce78c3a00000    000000018000e470     Lab1BrunoLuiz_sfun.obj
 0002:00000478       __real@41e6fa90b7000000    000000018000e478     Lab1BrunoLuiz_sfun.obj
 0002:00000480       __real@41d3b482bb400000    000000018000e480     Lab1BrunoLuiz_sfun.obj
 0002:00000488       __real@41dbe5a63bc00000    000000018000e488     Lab1BrunoLuiz_sfun.obj
 0002:00000490       __real@41e171bc81000000    000000018000e490     Lab1BrunoLuiz_sfun.obj
 0002:00000498       __real@41cbcf1459800000    000000018000e498     Lab1BrunoLuiz_sfun.obj
 0002:000004a0       __real@41c3c56ec3800000    000000018000e4a0     Lab1BrunoLuiz_sfun.obj
 0002:000004a8       __real@41e82efcef200000    000000018000e4a8     Lab1BrunoLuiz_sfun.obj
 0002:000004b0       __real@41edb138fdc00000    000000018000e4b0     Lab1BrunoLuiz_sfun.obj
 0002:000004b8       __real@41ee9a1654e00000    000000018000e4b8     Lab1BrunoLuiz_sfun.obj
 0002:000004c0       __real@41e1ee8aec600000    000000018000e4c0     c2_Lab1BrunoLuiz.obj
 0002:000004c8       __real@41e2ee723f400000    000000018000e4c8     c2_Lab1BrunoLuiz.obj
 0002:000004d0       __real@41bc3df0ad000000    000000018000e4d0     c2_Lab1BrunoLuiz.obj
 0002:000004d8       __real@41ee6bbb69c00000    000000018000e4d8     c2_Lab1BrunoLuiz.obj
 0002:000004e0       __real@4024000000000000    000000018000e4e0     c2_Lab1BrunoLuiz.obj
 0002:000004e8       __real@3ff0000000000000    000000018000e4e8     c2_Lab1BrunoLuiz.obj
 0002:000004f0       __real@3fec28f5c28f5c29    000000018000e4f0     c2_Lab1BrunoLuiz.obj
 0002:000004f8       __real@3fed1eb851eb851f    000000018000e4f8     c2_Lab1BrunoLuiz.obj
 0002:00000500       __real@3fd0000000000000    000000018000e500     c2_Lab1BrunoLuiz.obj
 0002:00000508       __real@3fedc28f5c28f5c3    000000018000e508     c2_Lab1BrunoLuiz.obj
 0002:00000510       __real@3fe0000000000000    000000018000e510     c2_Lab1BrunoLuiz.obj
 0002:00000518       __real@3fee666666666666    000000018000e518     c2_Lab1BrunoLuiz.obj
 0002:00000520       __real@3fe8000000000000    000000018000e520     c2_Lab1BrunoLuiz.obj
 0002:00000528       __real@4010000000000000    000000018000e528     c2_Lab1BrunoLuiz.obj
 0002:00000530       __real@c010000000000000    000000018000e530     c2_Lab1BrunoLuiz.obj
 0002:00000538       __real@403e000000000000    000000018000e538     c2_Lab1BrunoLuiz.obj
 0002:00000540       __real@4000000000000000    000000018000e540     c2_Lab1BrunoLuiz.obj
 0002:00000550       DYNAMIC_DIMENSION_DEF      000000018000e550     Lab1BrunoLuiz_sfun_registry.obj
 0002:00000570       _ssBadLevel2InputAccessMsg 000000018000e570     Lab1BrunoLuiz_sfun_registry.obj
 0002:00000700       _ssBadLevel2DirectFeedMsg  000000018000e700     Lab1BrunoLuiz_sfun_registry.obj
 0002:00000840       _ssBadLevel2DirectFeedSolutionMsg 000000018000e840     Lab1BrunoLuiz_sfun_registry.obj
 0002:000008b0       _ssBadLevel2ZeroDirectFeedMsg 000000018000e8b0     Lab1BrunoLuiz_sfun_registry.obj
 0002:000009f0       _ssBadLevel2ZeroDirectFeedMsg2 000000018000e9f0     Lab1BrunoLuiz_sfun_registry.obj
 0002:00000ad8       __real@0000000000000000    000000018000ead8     Lab1BrunoLuiz_sfun_registry.obj
 0002:00000ae0       __real@bff0000000000000    000000018000eae0     Lab1BrunoLuiz_sfun_registry.obj
 0002:00000ae8       __real@41602cbca0000000    000000018000eae8     Lab1BrunoLuiz_sfun_registry.obj
 0002:00000af0       _pDefaultRawDllMain        000000018000eaf0     MSVCRT:crtdll.obj
 0002:00000af0       _pRawDllMain               000000018000eaf0     MSVCRT:crtdll.obj
 0002:00000b08       ?ProcessDetach@NativeDll@<CrtImplementationDetails>@@0IB 000000018000eb08     MSVCRT:tncleanup.obj
 0002:00000b0c       ?ProcessAttach@NativeDll@<CrtImplementationDetails>@@0IB 000000018000eb0c     MSVCRT:tncleanup.obj
 0002:00000b10       ?ThreadAttach@NativeDll@<CrtImplementationDetails>@@0IB 000000018000eb10     MSVCRT:tncleanup.obj
 0002:00000b14       ?ThreadDetach@NativeDll@<CrtImplementationDetails>@@0IB 000000018000eb14     MSVCRT:tncleanup.obj
 0002:00000b18       ?ProcessVerifier@NativeDll@<CrtImplementationDetails>@@0IB 000000018000eb18     MSVCRT:tncleanup.obj
 0002:00000b20       __rtc_iaa                  000000018000eb20     MSVCRT:_initsect_.obj
 0002:00000b28       __rtc_izz                  000000018000eb28     MSVCRT:_initsect_.obj
 0002:00000b30       __rtc_taa                  000000018000eb30     MSVCRT:_initsect_.obj
 0002:00000b38       __rtc_tzz                  000000018000eb38     MSVCRT:_initsect_.obj
 0002:00001168       __IMPORT_DESCRIPTOR_sf_runtime 000000018000f168     sf_runtime:sf_runtime.dll
 0002:0000117c       __IMPORT_DESCRIPTOR_libmx  000000018000f17c     libmx:libmx.dll
 0002:00001190       __IMPORT_DESCRIPTOR_libmex 000000018000f190     libmex:libmex.dll
 0002:000011a4       __IMPORT_DESCRIPTOR_libut  000000018000f1a4     libut:libut.dll
 0002:000011b8       __IMPORT_DESCRIPTOR_MSVCR100 000000018000f1b8     MSVCRT:MSVCR100.dll
 0002:000011cc       __IMPORT_DESCRIPTOR_KERNEL32 000000018000f1cc     kernel32:KERNEL32.dll
 0002:000011e0       __NULL_IMPORT_DESCRIPTOR   000000018000f1e0     sf_runtime:sf_runtime.dll
 0003:00000980       DYNAMIC_DIMENSION          0000000180011980     Lab1BrunoLuiz_sfun_registry.obj
 0003:00001588       __security_cookie          0000000180012588     MSVCRT:gs_cookie.obj
 0003:00001590       __security_cookie_complement 0000000180012590     MSVCRT:gs_cookie.obj
 0003:00001598       _fltused                   0000000180012598     MSVCRT:dllsupp.obj
 0003:000015a0       __native_dllmain_reason    00000001800125a0     MSVCRT:natstart.obj
 0003:000015a4       __native_vcclrit_reason    00000001800125a4     MSVCRT:natstart.obj
 0003:00001688       sfGlobalDebugInstanceStruct 0000000180012688     Lab1BrunoLuiz_sfun_registry.obj
 0003:00001c10       ?__type_info_root_node@@3U__type_info_node@@A 0000000180012c10     MSVCRT:tncleanup.obj
 0003:00001c20       _Lab1BrunoLuizMachineNumber_ 0000000180012c20     <common>
 0003:00001c24       __native_startup_state     0000000180012c24     <common>
 0003:00001c28       __native_startup_lock      0000000180012c28     <common>
 0003:00001c30       __onexitend                0000000180012c30     <common>
 0003:00001c38       __onexitbegin              0000000180012c38     <common>
 0003:00001c40       __dyn_tls_init_callback    0000000180012c40     <common>

 entry point at        0001:0000c160

 Static symbols

 0001:00001400       get_sim_state_c2_Lab1BrunoLuiz 0000000180002400 f   c2_Lab1BrunoLuiz.obj
 0001:000015a0       sf_get_sim_state_info_c2_Lab1BrunoLuiz 00000001800025a0 f   c2_Lab1BrunoLuiz.obj
 0001:00001770       set_sim_state_c2_Lab1BrunoLuiz 0000000180002770 f   c2_Lab1BrunoLuiz.obj
 0001:00001850       c2_update_debugger_state_c2_Lab1BrunoLuiz 0000000180002850 f   c2_Lab1BrunoLuiz.obj
 0001:00001860       c2_emlrt_marshallIn        0000000180002860 f   c2_Lab1BrunoLuiz.obj
 0001:000018d0       c2_b_emlrt_marshallIn      00000001800028d0 f   c2_Lab1BrunoLuiz.obj
 0001:00001960       c2_d_emlrt_marshallIn      0000000180002960 f   c2_Lab1BrunoLuiz.obj
 0001:000019c0       c2_e_emlrt_marshallIn      00000001800029c0 f   c2_Lab1BrunoLuiz.obj
 0001:00001ac0       mdlProcessParameters_c2_Lab1BrunoLuiz 0000000180002ac0 f   c2_Lab1BrunoLuiz.obj
 0001:00001ba0       initialize_params_c2_Lab1BrunoLuiz 0000000180002ba0 f   c2_Lab1BrunoLuiz.obj
 0001:00001bb0       mdlSetWorkWidths_c2_Lab1BrunoLuiz 0000000180002bb0 f   c2_Lab1BrunoLuiz.obj
 0001:000020b0       sf_get_instance_specialization 00000001800030b0 f   c2_Lab1BrunoLuiz.obj
 0001:000020c0       mdlStart_c2_Lab1BrunoLuiz  00000001800030c0 f   c2_Lab1BrunoLuiz.obj
 0001:000022f0       init_dsm_address_info      00000001800032f0 f   c2_Lab1BrunoLuiz.obj
 0001:00002300       chart_debug_initialization 0000000180003300 f   c2_Lab1BrunoLuiz.obj
 0001:000031c0       init_script_number_translation 00000001800041c0 f   c2_Lab1BrunoLuiz.obj
 0001:000031e0       c2_sf_marshallOut          00000001800041e0 f   c2_Lab1BrunoLuiz.obj
 0001:00003290       c2_sf_marshallIn           0000000180004290 f   c2_Lab1BrunoLuiz.obj
 0001:00003330       sf_opaque_initialize_c2_Lab1BrunoLuiz 0000000180004330 f   c2_Lab1BrunoLuiz.obj
 0001:00003370       initialize_c2_Lab1BrunoLuiz 0000000180004370 f   c2_Lab1BrunoLuiz.obj
 0001:000033c0       sf_opaque_enable_c2_Lab1BrunoLuiz 00000001800043c0 f   c2_Lab1BrunoLuiz.obj
 0001:000033e0       enable_c2_Lab1BrunoLuiz    00000001800043e0 f   c2_Lab1BrunoLuiz.obj
 0001:00003410       sf_opaque_disable_c2_Lab1BrunoLuiz 0000000180004410 f   c2_Lab1BrunoLuiz.obj
 0001:00003430       disable_c2_Lab1BrunoLuiz   0000000180004430 f   c2_Lab1BrunoLuiz.obj
 0001:00003460       sf_opaque_gateway_c2_Lab1BrunoLuiz 0000000180004460 f   c2_Lab1BrunoLuiz.obj
 0001:00003480       sf_gateway_c2_Lab1BrunoLuiz 0000000180004480 f   c2_Lab1BrunoLuiz.obj
 0001:000053a0       sf_opaque_get_sim_state_c2_Lab1BrunoLuiz 00000001800063a0 f   c2_Lab1BrunoLuiz.obj
 0001:000053c0       sf_opaque_set_sim_state_c2_Lab1BrunoLuiz 00000001800063c0 f   c2_Lab1BrunoLuiz.obj
 0001:000053f0       sf_opaque_terminate_c2_Lab1BrunoLuiz 00000001800063f0 f   c2_Lab1BrunoLuiz.obj
 0001:00005490       finalize_c2_Lab1BrunoLuiz  0000000180006490 f   c2_Lab1BrunoLuiz.obj
 0001:000054a0       sf_opaque_init_subchart_simstructs 00000001800064a0 f   c2_Lab1BrunoLuiz.obj
 0001:000054c0       initSimStructsc2_Lab1BrunoLuiz 00000001800064c0 f   c2_Lab1BrunoLuiz.obj
 0001:000054d0       mdlRTW_c2_Lab1BrunoLuiz    00000001800064d0 f   c2_Lab1BrunoLuiz.obj
 0001:00005e90       getChartInfoFromSimStruct  0000000180006e90 f   Lab1BrunoLuiz_sfun_registry.obj
 0001:00007530       _ssFatalError              0000000180008530 f   Lab1BrunoLuiz_sfun_registry.obj
 0001:0000a5e0       ProcessMexSfunctionCmdLineCall 000000018000b5e0 f   Lab1BrunoLuiz_sfun_registry.obj
 0001:0000a740       sf_debug_api_wrapper       000000018000b740 f   Lab1BrunoLuiz_sfun_registry.obj
 0001:0000a790       mdlStart                   000000018000b790 f   Lab1BrunoLuiz_sfun_registry.obj
 0001:0000a7c0       mdl_start_processing       000000018000b7c0 f   Lab1BrunoLuiz_sfun_registry.obj
 0001:0000a850       mdlTerminate               000000018000b850 f   Lab1BrunoLuiz_sfun_registry.obj
 0001:0000a880       mdl_terminate_processing   000000018000b880 f   Lab1BrunoLuiz_sfun_registry.obj
 0001:0000a900       mdlInitializeSampleTimes   000000018000b900 f   Lab1BrunoLuiz_sfun_registry.obj
 0001:0000a930       mdlZeroCrossings           000000018000b930 f   Lab1BrunoLuiz_sfun_registry.obj
 0001:0000a960       mdl_zeroCrossings_processing 000000018000b960 f   Lab1BrunoLuiz_sfun_registry.obj
 0001:0000a9a0       mdlDerivatives             000000018000b9a0 f   Lab1BrunoLuiz_sfun_registry.obj
 0001:0000a9d0       mdl_derivatives_processing 000000018000b9d0 f   Lab1BrunoLuiz_sfun_registry.obj
 0001:0000aa20       mdlInitializeConditions    000000018000ba20 f   Lab1BrunoLuiz_sfun_registry.obj
 0001:0000aa50       mdl_initialize_conditions_processing 000000018000ba50 f   Lab1BrunoLuiz_sfun_registry.obj
 0001:0000aaa0       mdlEnable                  000000018000baa0 f   Lab1BrunoLuiz_sfun_registry.obj
 0001:0000aad0       mdl_enable_processing      000000018000bad0 f   Lab1BrunoLuiz_sfun_registry.obj
 0001:0000ab10       mdlDisable                 000000018000bb10 f   Lab1BrunoLuiz_sfun_registry.obj
 0001:0000ab40       mdl_disable_processing     000000018000bb40 f   Lab1BrunoLuiz_sfun_registry.obj
 0001:0000ab80       mdlOutputs                 000000018000bb80 f   Lab1BrunoLuiz_sfun_registry.obj
 0001:0000abb0       mdl_outputs_processing     000000018000bbb0 f   Lab1BrunoLuiz_sfun_registry.obj
 0001:0000ac90       mdl_outputs_continuous_legacy 000000018000bc90 f   Lab1BrunoLuiz_sfun_registry.obj
 0001:0000ad80       mdlGetTimeOfNextVarHit     000000018000bd80 f   Lab1BrunoLuiz_sfun_registry.obj
 0001:0000add0       _ProcessMexSfunctionCmdLineCall 000000018000bdd0 f   Lab1BrunoLuiz_sfun_registry.obj
 0001:0000b520       mdlSetWorkWidths           000000018000c520 f   Lab1BrunoLuiz_sfun_registry.obj
 0001:0000b550       mdlProcessParameters       000000018000c550 f   Lab1BrunoLuiz_sfun_registry.obj
 0001:0000b580       mdlInitializeSizes         000000018000c580 f   Lab1BrunoLuiz_sfun_registry.obj
 0001:0000b5b0       mdlExtModeExec             000000018000c5b0 f   Lab1BrunoLuiz_sfun_registry.obj
 0001:0000b5e0       mdl_ext_mode_exec_processing 000000018000c5e0 f   Lab1BrunoLuiz_sfun_registry.obj
 0001:0000b620       mdlRTW                     000000018000c620 f   Lab1BrunoLuiz_sfun_registry.obj
 0001:0000b660       _CreateSimStruct           000000018000c660 f   Lab1BrunoLuiz_sfun_registry.obj
 0001:0000b7f0       _RegNumInputPortsCB        000000018000c7f0 f   Lab1BrunoLuiz_sfun_registry.obj
 0001:0000b870       _RegNumOutputPortsCB       000000018000c870 f   Lab1BrunoLuiz_sfun_registry.obj
 0001:0000bd68       pre_c_init                 000000018000cd68 f   MSVCRT:crtdll.obj
 0001:0000c024       __DllMainCRTStartup        000000018000d024 f   MSVCRT:crtdll.obj
 0001:0000c690       __DllMainCRTStartup$filt$0 000000018000d690 f   MSVCRT:crtdll.obj
 0001:0000c6c0       __DllMainCRTStartup$fin$1  000000018000d6c0 f   MSVCRT:crtdll.obj
 0001:0000c6da       _onexit$fin$0              000000018000d6da f   MSVCRT:atonexit.obj
 0001:0000c700       _IsNonwritableInCurrentImage$filt$0 000000018000d700 f   MSVCRT:pesect.obj
